Archive member included to satisfy reference by file (symbol)

c:/st/stm32cubeide_1.6.1/stm32cubeide/plugins/com.st.stm32cube.ide.mcu.externaltools.gnu-tools-for-stm32.9-2020-q2-update.win32_1.5.0.202011040924/tools/bin/../lib/gcc/arm-none-eabi/9.3.1/../../../../arm-none-eabi/lib/thumb/v7-m/nofp\libc_nano.a(lib_a-errno.o)
                              Core/Src/syscalls.o (__errno)
c:/st/stm32cubeide_1.6.1/stm32cubeide/plugins/com.st.stm32cube.ide.mcu.externaltools.gnu-tools-for-stm32.9-2020-q2-update.win32_1.5.0.202011040924/tools/bin/../lib/gcc/arm-none-eabi/9.3.1/../../../../arm-none-eabi/lib/thumb/v7-m/nofp\libc_nano.a(lib_a-exit.o)
                              c:/st/stm32cubeide_1.6.1/stm32cubeide/plugins/com.st.stm32cube.ide.mcu.externaltools.gnu-tools-for-stm32.9-2020-q2-update.win32_1.5.0.202011040924/tools/bin/../lib/gcc/arm-none-eabi/9.3.1/../../../../arm-none-eabi/lib/thumb/v7-m/nofp/crt0.o (exit)
c:/st/stm32cubeide_1.6.1/stm32cubeide/plugins/com.st.stm32cube.ide.mcu.externaltools.gnu-tools-for-stm32.9-2020-q2-update.win32_1.5.0.202011040924/tools/bin/../lib/gcc/arm-none-eabi/9.3.1/../../../../arm-none-eabi/lib/thumb/v7-m/nofp\libc_nano.a(lib_a-impure.o)
                              c:/st/stm32cubeide_1.6.1/stm32cubeide/plugins/com.st.stm32cube.ide.mcu.externaltools.gnu-tools-for-stm32.9-2020-q2-update.win32_1.5.0.202011040924/tools/bin/../lib/gcc/arm-none-eabi/9.3.1/../../../../arm-none-eabi/lib/thumb/v7-m/nofp\libc_nano.a(lib_a-exit.o) (_global_impure_ptr)
c:/st/stm32cubeide_1.6.1/stm32cubeide/plugins/com.st.stm32cube.ide.mcu.externaltools.gnu-tools-for-stm32.9-2020-q2-update.win32_1.5.0.202011040924/tools/bin/../lib/gcc/arm-none-eabi/9.3.1/../../../../arm-none-eabi/lib/thumb/v7-m/nofp\libc_nano.a(lib_a-init.o)
                              c:/st/stm32cubeide_1.6.1/stm32cubeide/plugins/com.st.stm32cube.ide.mcu.externaltools.gnu-tools-for-stm32.9-2020-q2-update.win32_1.5.0.202011040924/tools/bin/../lib/gcc/arm-none-eabi/9.3.1/../../../../arm-none-eabi/lib/thumb/v7-m/nofp/crt0.o (__libc_init_array)
c:/st/stm32cubeide_1.6.1/stm32cubeide/plugins/com.st.stm32cube.ide.mcu.externaltools.gnu-tools-for-stm32.9-2020-q2-update.win32_1.5.0.202011040924/tools/bin/../lib/gcc/arm-none-eabi/9.3.1/../../../../arm-none-eabi/lib/thumb/v7-m/nofp\libc_nano.a(lib_a-memcpy-stub.o)
                              Middlewares/Third_Party/FreeRTOS/Source/queue.o (memcpy)
c:/st/stm32cubeide_1.6.1/stm32cubeide/plugins/com.st.stm32cube.ide.mcu.externaltools.gnu-tools-for-stm32.9-2020-q2-update.win32_1.5.0.202011040924/tools/bin/../lib/gcc/arm-none-eabi/9.3.1/../../../../arm-none-eabi/lib/thumb/v7-m/nofp\libc_nano.a(lib_a-memset.o)
                              c:/st/stm32cubeide_1.6.1/stm32cubeide/plugins/com.st.stm32cube.ide.mcu.externaltools.gnu-tools-for-stm32.9-2020-q2-update.win32_1.5.0.202011040924/tools/bin/../lib/gcc/arm-none-eabi/9.3.1/../../../../arm-none-eabi/lib/thumb/v7-m/nofp/crt0.o (memset)
c:/st/stm32cubeide_1.6.1/stm32cubeide/plugins/com.st.stm32cube.ide.mcu.externaltools.gnu-tools-for-stm32.9-2020-q2-update.win32_1.5.0.202011040924/tools/bin/../lib/gcc/arm-none-eabi/9.3.1/../../../../arm-none-eabi/lib/thumb/v7-m/nofp\libc_nano.a(lib_a-strlen.o)
                              Library/Menu/menu.o (strlen)

Allocating common symbols
Common symbol       size              file

Second              0x2               Threads/src/display.o
defaultTaskHandle   0x4               Core/Src/main.o
hdma_usart2_rx      0x44              Core/Src/main.o
DisplayTimerHandle  0x4               Core/Src/main.o
Hour                0x2               Threads/src/display.o
pos_Queue           0x4               Core/Src/main.o
hcan                0x28              Core/Src/main.o
uwTick              0x4               Drivers/STM32F1xx_HAL_Driver/Src/stm32f1xx_hal.o
xQueueRegistry      0x40              Middlewares/Third_Party/FreeRTOS/Source/queue.o
pFlash              0x20              Drivers/STM32F1xx_HAL_Driver/Src/stm32f1xx_hal_flash.o
PositionState       0x1               Library/Menu/menu.o
Date                0x4               Threads/src/display.o
dma_buf             0x14              Threads/src/keyboard.o
buf1                0x14              Core/Src/main.o
hdma_usart2_tx      0x44              Core/Src/main.o
Minute              0x2               Threads/src/display.o
DateTaskHandle      0x4               Core/Src/main.o
Desktop             0x1               Library/Menu/menu.o
hrtc                0x14              Core/Src/main.o
myCountingSem01Handle
                    0x4               Core/Src/main.o
htim1               0x48              Core/Src/stm32f1xx_hal_timebase_tim.o
myBinarySem01Handle
                    0x4               Core/Src/main.o
KeyBoardID          0x4               Threads/src/keyboard.o
MenuItem            0x1b8             Library/Menu/menu.o
TimeDisplayTaskHandle
                    0x4               Core/Src/main.o
DisplayHandle       0x4               Core/Src/main.o
[...]
Memory Configuration

Name             Origin             Length             Attributes
RAM              0x0000000020000000 0x0000000000005000 xrw
FLASH            0x0000000008000000 0x0000000000010000 xr
*default*        0x0000000000000000 0xffffffffffffffff

Linker script and memory map

LOAD c:/st/stm32cubeide_1.6.1/stm32cubeide/plugins/com.st.stm32cube.ide.mcu.externaltools.gnu-tools-for-stm32.9-2020-q2-update.win32_1.5.0.202011040924/tools/bin/../lib/gcc/arm-none-eabi/9.3.1/thumb/v7-m/nofp/crti.o
LOAD c:/st/stm32cubeide_1.6.1/stm32cubeide/plugins/com.st.stm32cube.ide.mcu.externaltools.gnu-tools-for-stm32.9-2020-q2-update.win32_1.5.0.202011040924/tools/bin/../lib/gcc/arm-none-eabi/9.3.1/thumb/v7-m/nofp/crtbegin.o
LOAD c:/st/stm32cubeide_1.6.1/stm32cubeide/plugins/com.st.stm32cube.ide.mcu.externaltools.gnu-tools-for-stm32.9-2020-q2-update.win32_1.5.0.202011040924/tools/bin/../lib/gcc/arm-none-eabi/9.3.1/../../../../arm-none-eabi/lib/thumb/v7-m/nofp/crt0.o
LOAD Core/Src/freertos.o
LOAD Core/Src/main.o
LOAD Core/Src/stm32f1xx_hal_msp.o
LOAD Core/Src/stm32f1xx_hal_timebase_tim.o
LOAD Core/Src/stm32f1xx_it.o
LOAD Core/Src/syscalls.o
LOAD Core/Src/sysmem.o
LOAD Core/Src/system_stm32f1xx.o
LOAD Core/Startup/startup_stm32f103c8tx.o
LOAD Drivers/STM32F1xx_HAL_Driver/Src/stm32f1xx_hal.o
LOAD Drivers/STM32F1xx_HAL_Driver/Src/stm32f1xx_hal_can.o
LOAD Drivers/STM32F1xx_HAL_Driver/Src/stm32f1xx_hal_cortex.o
LOAD Drivers/STM32F1xx_HAL_Driver/Src/stm32f1xx_hal_dma.o
LOAD Drivers/STM32F1xx_HAL_Driver/Src/stm32f1xx_hal_exti.o
LOAD Drivers/STM32F1xx_HAL_Driver/Src/stm32f1xx_hal_flash.o
LOAD Drivers/STM32F1xx_HAL_Driver/Src/stm32f1xx_hal_flash_ex.o
LOAD Drivers/STM32F1xx_HAL_Driver/Src/stm32f1xx_hal_gpio.o
LOAD Drivers/STM32F1xx_HAL_Driver/Src/stm32f1xx_hal_gpio_ex.o
LOAD Drivers/STM32F1xx_HAL_Driver/Src/stm32f1xx_hal_pwr.o
LOAD Drivers/STM32F1xx_HAL_Driver/Src/stm32f1xx_hal_rcc.o
LOAD Drivers/STM32F1xx_HAL_Driver/Src/stm32f1xx_hal_rcc_ex.o
LOAD Drivers/STM32F1xx_HAL_Driver/Src/stm32f1xx_hal_rtc.o
LOAD Drivers/STM32F1xx_HAL_Driver/Src/stm32f1xx_hal_rtc_ex.o
LOAD Drivers/STM32F1xx_HAL_Driver/Src/stm32f1xx_hal_tim.o
LOAD Drivers/STM32F1xx_HAL_Driver/Src/stm32f1xx_hal_tim_ex.o
LOAD Drivers/STM32F1xx_HAL_Driver/Src/stm32f1xx_hal_uart.o
LOAD Library/Menu/menu.o
LOAD Library/wh0802/wh0802.o
LOAD Middlewares/Third_Party/FreeRTOS/Source/CMSIS_RTOS/cmsis_os.o
LOAD Middlewares/Third_Party/FreeRTOS/Source/croutine.o
LOAD Middlewares/Third_Party/FreeRTOS/Source/event_groups.o
LOAD Middlewares/Third_Party/FreeRTOS/Source/list.o
LOAD Middlewares/Third_Party/FreeRTOS/Source/queue.o
LOAD Middlewares/Third_Party/FreeRTOS/Source/stream_buffer.o
LOAD Middlewares/Third_Party/FreeRTOS/Source/tasks.o
LOAD Middlewares/Third_Party/FreeRTOS/Source/timers.o
LOAD Middlewares/Third_Party/FreeRTOS/Source/portable/GCC/ARM_CM3/port.o
LOAD Middlewares/Third_Party/FreeRTOS/Source/portable/MemMang/heap_4.o
LOAD Threads/src/display.o
LOAD Threads/src/keyboard.o
LOAD Threads/src/wifi.o
START GROUP
LOAD c:/st/stm32cubeide_1.6.1/stm32cubeide/plugins/com.st.stm32cube.ide.mcu.externaltools.gnu-tools-for-stm32.9-2020-q2-update.win32_1.5.0.202011040924/tools/bin/../lib/gcc/arm-none-eabi/9.3.1/../../../../arm-none-eabi/lib/thumb/v7-m/nofp\libc_nano.a
LOAD c:/st/stm32cubeide_1.6.1/stm32cubeide/plugins/com.st.stm32cube.ide.mcu.externaltools.gnu-tools-for-stm32.9-2020-q2-update.win32_1.5.0.202011040924/tools/bin/../lib/gcc/arm-none-eabi/9.3.1/../../../../arm-none-eabi/lib/thumb/v7-m/nofp\libm.a
END GROUP
START GROUP
LOAD c:/st/stm32cubeide_1.6.1/stm32cubeide/plugins/com.st.stm32cube.ide.mcu.externaltools.gnu-tools-for-stm32.9-2020-q2-update.win32_1.5.0.202011040924/tools/bin/../lib/gcc/arm-none-eabi/9.3.1/thumb/v7-m/nofp\libgcc.a
LOAD c:/st/stm32cubeide_1.6.1/stm32cubeide/plugins/com.st.stm32cube.ide.mcu.externaltools.gnu-tools-for-stm32.9-2020-q2-update.win32_1.5.0.202011040924/tools/bin/../lib/gcc/arm-none-eabi/9.3.1/../../../../arm-none-eabi/lib/thumb/v7-m/nofp\libc_nano.a
END GROUP
START GROUP
LOAD c:/st/stm32cubeide_1.6.1/stm32cubeide/plugins/com.st.stm32cube.ide.mcu.externaltools.gnu-tools-for-stm32.9-2020-q2-update.win32_1.5.0.202011040924/tools/bin/../lib/gcc/arm-none-eabi/9.3.1/thumb/v7-m/nofp\libgcc.a
LOAD c:/st/stm32cubeide_1.6.1/stm32cubeide/plugins/com.st.stm32cube.ide.mcu.externaltools.gnu-tools-for-stm32.9-2020-q2-update.win32_1.5.0.202011040924/tools/bin/../lib/gcc/arm-none-eabi/9.3.1/../../../../arm-none-eabi/lib/thumb/v7-m/nofp\libc_nano.a
LOAD c:/st/stm32cubeide_1.6.1/stm32cubeide/plugins/com.st.stm32cube.ide.mcu.externaltools.gnu-tools-for-stm32.9-2020-q2-update.win32_1.5.0.202011040924/tools/bin/../lib/gcc/arm-none-eabi/9.3.1/../../../../arm-none-eabi/lib/thumb/v7-m/nofp\libnosys.a
END GROUP
START GROUP
LOAD c:/st/stm32cubeide_1.6.1/stm32cubeide/plugins/com.st.stm32cube.ide.mcu.externaltools.gnu-tools-for-stm32.9-2020-q2-update.win32_1.5.0.202011040924/tools/bin/../lib/gcc/arm-none-eabi/9.3.1/thumb/v7-m/nofp\libgcc.a
LOAD c:/st/stm32cubeide_1.6.1/stm32cubeide/plugins/com.st.stm32cube.ide.mcu.externaltools.gnu-tools-for-stm32.9-2020-q2-update.win32_1.5.0.202011040924/tools/bin/../lib/gcc/arm-none-eabi/9.3.1/../../../../arm-none-eabi/lib/thumb/v7-m/nofp\libc_nano.a
LOAD c:/st/stm32cubeide_1.6.1/stm32cubeide/plugins/com.st.stm32cube.ide.mcu.externaltools.gnu-tools-for-stm32.9-2020-q2-update.win32_1.5.0.202011040924/tools/bin/../lib/gcc/arm-none-eabi/9.3.1/../../../../arm-none-eabi/lib/thumb/v7-m/nofp\libnosys.a
END GROUP
LOAD c:/st/stm32cubeide_1.6.1/stm32cubeide/plugins/com.st.stm32cube.ide.mcu.externaltools.gnu-tools-for-stm32.9-2020-q2-update.win32_1.5.0.202011040924/tools/bin/../lib/gcc/arm-none-eabi/9.3.1/thumb/v7-m/nofp/crtend.o
LOAD c:/st/stm32cubeide_1.6.1/stm32cubeide/plugins/com.st.stm32cube.ide.mcu.externaltools.gnu-tools-for-stm32.9-2020-q2-update.win32_1.5.0.202011040924/tools/bin/../lib/gcc/arm-none-eabi/9.3.1/thumb/v7-m/nofp/crtn.o
                0x0000000020005000                _estack = (ORIGIN (RAM) + LENGTH (RAM))
                0x0000000000000200                _Min_Heap_Size = 0x200
                0x0000000000000400                _Min_Stack_Size = 0x400

.isr_vector     0x0000000008000000      0x10c
                0x0000000008000000                . = ALIGN (0x4)
 *(.isr_vector)
 .isr_vector    0x0000000008000000      0x10c Core/Startup/startup_stm32f103c8tx.o
                0x0000000008000000                g_pfnVectors
                0x000000000800010c                . = ALIGN (0x4)

.text           0x0000000008000110     0x9cfc
                0x0000000008000110                . = ALIGN (0x4)
 *(.text)
 .text          0x0000000008000110       0x40 c:/st/stm32cubeide_1.6.1/stm32cubeide/plugins/com.st.stm32cube.ide.mcu.externaltools.gnu-tools-for-stm32.9-2020-q2-update.win32_1.5.0.202011040924/tools/bin/../lib/gcc/arm-none-eabi/9.3.1/thumb/v7-m/nofp/crtbegin.o
 .text          0x0000000008000150       0x10 c:/st/stm32cubeide_1.6.1/stm32cubeide/plugins/com.st.stm32cube.ide.mcu.externaltools.gnu-tools-for-stm32.9-2020-q2-update.win32_1.5.0.202011040924/tools/bin/../lib/gcc/arm-none-eabi/9.3.1/../../../../arm-none-eabi/lib/thumb/v7-m/nofp\libc_nano.a(lib_a-strlen.o)
                0x0000000008000150                strlen
 *(.text*)
 .text.vApplicationGetIdleTaskMemory
                0x0000000008000160       0x30 Core/Src/freertos.o
                0x0000000008000160                vApplicationGetIdleTaskMemory
 .text.vApplicationGetTimerTaskMemory
                0x0000000008000190       0x34 Core/Src/freertos.o
                0x0000000008000190                vApplicationGetTimerTaskMemory
 .text.HAL_UART_TxCpltCallback
                0x00000000080001c4       0x20 Core/Src/main.o
                0x00000000080001c4                HAL_UART_TxCpltCallback
 .text.HAL_UART_RxCpltCallback
                0x00000000080001e4       0x2c Core/Src/main.o
                0x00000000080001e4                HAL_UART_RxCpltCallback
 .text.main     0x0000000008000210      0x28c Core/Src/main.o
                0x0000000008000210                main
 .text.SystemClock_Config
                0x000000000800049c       0xba Core/Src/main.o
                0x000000000800049c                SystemClock_Config
 *fill*         0x0000000008000556        0x2 
 .text.MX_CAN_Init
                0x0000000008000558       0x6c Core/Src/main.o
 .text.MX_RTC_Init
                0x00000000080005c4       0x94 Core/Src/main.o
 .text.MX_USART2_UART_Init
                0x0000000008000658       0x54 Core/Src/main.o
 .text.MX_DMA_Init
                0x00000000080006ac       0x4c Core/Src/main.o
 .text.MX_GPIO_Init
                0x00000000080006f8      0x12c Core/Src/main.o
 .text.StartDefaultTask
                0x0000000008000824       0x10 Core/Src/main.o
                0x0000000008000824                StartDefaultTask
 .text.HAL_TIM_PeriodElapsedCallback
                0x0000000008000834       0x24 Core/Src/main.o
                0x0000000008000834                HAL_TIM_PeriodElapsedCallback
 .text.Error_Handler
                0x0000000008000858        0xa Core/Src/main.o
                0x0000000008000858                Error_Handler
 *fill*         0x0000000008000862        0x2 
 .text.HAL_MspInit
                0x0000000008000864       0x70 Core/Src/stm32f1xx_hal_msp.o
                0x0000000008000864                HAL_MspInit
 .text.HAL_CAN_MspInit
                0x00000000080008d4       0xc0 Core/Src/stm32f1xx_hal_msp.o
                0x00000000080008d4                HAL_CAN_MspInit
 .text.HAL_RTC_MspInit
                0x0000000008000994       0x48 Core/Src/stm32f1xx_hal_msp.o
                0x0000000008000994                HAL_RTC_MspInit
 .text.HAL_UART_MspInit
                0x00000000080009dc      0x150 Core/Src/stm32f1xx_hal_msp.o
                0x00000000080009dc                HAL_UART_MspInit
 .text.HAL_InitTick
                0x0000000008000b2c       0xac Core/Src/stm32f1xx_hal_timebase_tim.o
                0x0000000008000b2c                HAL_InitTick
 .text.NMI_Handler
                0x0000000008000bd8        0x6 Core/Src/stm32f1xx_it.o
                0x0000000008000bd8                NMI_Handler
 .text.HardFault_Handler
                0x0000000008000bde        0x6 Core/Src/stm32f1xx_it.o
                0x0000000008000bde                HardFault_Handler
 .text.MemManage_Handler
                0x0000000008000be4        0x6 Core/Src/stm32f1xx_it.o
                0x0000000008000be4                MemManage_Handler
 .text.BusFault_Handler
                0x0000000008000bea        0x6 Core/Src/stm32f1xx_it.o
                0x0000000008000bea                BusFault_Handler
 .text.UsageFault_Handler
                0x0000000008000bf0        0x6 Core/Src/stm32f1xx_it.o
                0x0000000008000bf0                UsageFault_Handler
 .text.DebugMon_Handler
                0x0000000008000bf6        0xc Core/Src/stm32f1xx_it.o
                0x0000000008000bf6                DebugMon_Handler
 *fill*         0x0000000008000c02        0x2 
 .text.DMA1_Channel6_IRQHandler
                0x0000000008000c04       0x14 Core/Src/stm32f1xx_it.o
                0x0000000008000c04                DMA1_Channel6_IRQHandler
 .text.DMA1_Channel7_IRQHandler
                0x0000000008000c18       0x14 Core/Src/stm32f1xx_it.o
                0x0000000008000c18                DMA1_Channel7_IRQHandler
 .text.TIM1_UP_IRQHandler
                0x0000000008000c2c       0x14 Core/Src/stm32f1xx_it.o
                0x0000000008000c2c                TIM1_UP_IRQHandler
 .text.USART2_IRQHandler
                0x0000000008000c40       0x14 Core/Src/stm32f1xx_it.o
                0x0000000008000c40                USART2_IRQHandler
 .text.SystemInit
                0x0000000008000c54        0xc Core/Src/system_stm32f1xx.o
                0x0000000008000c54                SystemInit
 .text.Reset_Handler
                0x0000000008000c60       0x48 Core/Startup/startup_stm32f103c8tx.o
                0x0000000008000c60                Reset_Handler
 .text.Default_Handler
                0x0000000008000ca8        0x2 Core/Startup/startup_stm32f103c8tx.o
                0x0000000008000ca8                RTC_Alarm_IRQHandler
                0x0000000008000ca8                EXTI2_IRQHandler
                0x0000000008000ca8                TIM1_CC_IRQHandler
                0x0000000008000ca8                PVD_IRQHandler
                0x0000000008000ca8                EXTI3_IRQHandler
                0x0000000008000ca8                EXTI0_IRQHandler
                0x0000000008000ca8                I2C2_EV_IRQHandler
                0x0000000008000ca8                ADC1_2_IRQHandler
                0x0000000008000ca8                SPI1_IRQHandler
                0x0000000008000ca8                TAMPER_IRQHandler
                0x0000000008000ca8                DMA1_Channel4_IRQHandler
                0x0000000008000ca8                USART3_IRQHandler
                0x0000000008000ca8                RTC_IRQHandler
                0x0000000008000ca8                CAN1_RX1_IRQHandler
                0x0000000008000ca8                TIM4_IRQHandler
                0x0000000008000ca8                I2C1_EV_IRQHandler
                0x0000000008000ca8                TIM3_IRQHandler
                0x0000000008000ca8                RCC_IRQHandler
                0x0000000008000ca8                TIM1_TRG_COM_IRQHandler
                0x0000000008000ca8                DMA1_Channel1_IRQHandler
                0x0000000008000ca8                Default_Handler
                0x0000000008000ca8                EXTI15_10_IRQHandler
                0x0000000008000ca8                EXTI9_5_IRQHandler
                0x0000000008000ca8                SPI2_IRQHandler
                0x0000000008000ca8                DMA1_Channel5_IRQHandler
                0x0000000008000ca8                EXTI4_IRQHandler
                0x0000000008000ca8                USB_LP_CAN1_RX0_IRQHandler
                0x0000000008000ca8                USB_HP_CAN1_TX_IRQHandler
                0x0000000008000ca8                DMA1_Channel3_IRQHandler
                0x0000000008000ca8                WWDG_IRQHandler
                0x0000000008000ca8                TIM2_IRQHandler
                0x0000000008000ca8                TIM1_BRK_IRQHandler
                0x0000000008000ca8                EXTI1_IRQHandler
                0x0000000008000ca8                I2C2_ER_IRQHandler
                0x0000000008000ca8                DMA1_Channel2_IRQHandler
                0x0000000008000ca8                CAN1_SCE_IRQHandler
                0x0000000008000ca8                FLASH_IRQHandler
                0x0000000008000ca8                USART1_IRQHandler
                0x0000000008000ca8                I2C1_ER_IRQHandler
                0x0000000008000ca8                USBWakeUp_IRQHandler
 *fill*         0x0000000008000caa        0x2 
 .text.HAL_Init
                0x0000000008000cac       0x2c Drivers/STM32F1xx_HAL_Driver/Src/stm32f1xx_hal.o
                0x0000000008000cac                HAL_Init
 .text.HAL_IncTick
                0x0000000008000cd8       0x24 Drivers/STM32F1xx_HAL_Driver/Src/stm32f1xx_hal.o
                0x0000000008000cd8                HAL_IncTick
 .text.HAL_GetTick
                0x0000000008000cfc       0x14 Drivers/STM32F1xx_HAL_Driver/Src/stm32f1xx_hal.o
                0x0000000008000cfc                HAL_GetTick
 .text.HAL_Delay
                0x0000000008000d10       0x48 Drivers/STM32F1xx_HAL_Driver/Src/stm32f1xx_hal.o
                0x0000000008000d10                HAL_Delay
 .text.HAL_CAN_Init
                0x0000000008000d58      0x1f6 Drivers/STM32F1xx_HAL_Driver/Src/stm32f1xx_hal_can.o
                0x0000000008000d58                HAL_CAN_Init
 *fill*         0x0000000008000f4e        0x2 
 .text.__NVIC_SetPriorityGrouping
                0x0000000008000f50       0x48 Drivers/STM32F1xx_HAL_Driver/Src/stm32f1xx_hal_cortex.o
 .text.__NVIC_GetPriorityGrouping
                0x0000000008000f98       0x1c Drivers/STM32F1xx_HAL_Driver/Src/stm32f1xx_hal_cortex.o
 .text.__NVIC_EnableIRQ
                0x0000000008000fb4       0x38 Drivers/STM32F1xx_HAL_Driver/Src/stm32f1xx_hal_cortex.o
 .text.__NVIC_SetPriority
                0x0000000008000fec       0x54 Drivers/STM32F1xx_HAL_Driver/Src/stm32f1xx_hal_cortex.o
 .text.NVIC_EncodePriority
                0x0000000008001040       0x64 Drivers/STM32F1xx_HAL_Driver/Src/stm32f1xx_hal_cortex.o
 .text.HAL_NVIC_SetPriorityGrouping
                0x00000000080010a4       0x16 Drivers/STM32F1xx_HAL_Driver/Src/stm32f1xx_hal_cortex.o
                0x00000000080010a4                HAL_NVIC_SetPriorityGrouping
 .text.HAL_NVIC_SetPriority
                0x00000000080010ba       0x38 Drivers/STM32F1xx_HAL_Driver/Src/stm32f1xx_hal_cortex.o
                0x00000000080010ba                HAL_NVIC_SetPriority
 .text.HAL_NVIC_EnableIRQ
                0x00000000080010f2       0x1c Drivers/STM32F1xx_HAL_Driver/Src/stm32f1xx_hal_cortex.o
                0x00000000080010f2                HAL_NVIC_EnableIRQ
 *fill*         0x000000000800110e        0x2 
 .text.HAL_DMA_Init
                0x0000000008001110       0xb4 Drivers/STM32F1xx_HAL_Driver/Src/stm32f1xx_hal_dma.o
                0x0000000008001110                HAL_DMA_Init
 .text.HAL_DMA_Start_IT
                0x00000000080011c4       0xbe Drivers/STM32F1xx_HAL_Driver/Src/stm32f1xx_hal_dma.o
                0x00000000080011c4                HAL_DMA_Start_IT
 *fill*         0x0000000008001282        0x2 
 .text.HAL_DMA_Abort_IT
                0x0000000008001284       0xec Drivers/STM32F1xx_HAL_Driver/Src/stm32f1xx_hal_dma.o
                0x0000000008001284                HAL_DMA_Abort_IT
 .text.HAL_DMA_IRQHandler
                0x0000000008001370      0x20c Drivers/STM32F1xx_HAL_Driver/Src/stm32f1xx_hal_dma.o
                0x0000000008001370                HAL_DMA_IRQHandler
 .text.DMA_SetConfig
                0x000000000800157c       0x5a Drivers/STM32F1xx_HAL_Driver/Src/stm32f1xx_hal_dma.o
 *fill*         0x00000000080015d6        0x2 
 .text.HAL_GPIO_Init
                0x00000000080015d8      0x308 Drivers/STM32F1xx_HAL_Driver/Src/stm32f1xx_hal_gpio.o
                0x00000000080015d8                HAL_GPIO_Init
 .text.HAL_GPIO_ReadPin
                0x00000000080018e0       0x2e Drivers/STM32F1xx_HAL_Driver/Src/stm32f1xx_hal_gpio.o
                0x00000000080018e0                HAL_GPIO_ReadPin
 .text.HAL_GPIO_WritePin
                0x000000000800190e       0x30 Drivers/STM32F1xx_HAL_Driver/Src/stm32f1xx_hal_gpio.o
                0x000000000800190e                HAL_GPIO_WritePin
 *fill*         0x000000000800193e        0x2 
 .text.HAL_PWR_EnableBkUpAccess
                0x0000000008001940       0x18 Drivers/STM32F1xx_HAL_Driver/Src/stm32f1xx_hal_pwr.o
                0x0000000008001940                HAL_PWR_EnableBkUpAccess
 .text.HAL_RCC_OscConfig
                0x0000000008001958      0x500 Drivers/STM32F1xx_HAL_Driver/Src/stm32f1xx_hal_rcc.o
                0x0000000008001958                HAL_RCC_OscConfig
 .text.HAL_RCC_ClockConfig
                0x0000000008001e58      0x1d4 Drivers/STM32F1xx_HAL_Driver/Src/stm32f1xx_hal_rcc.o
                0x0000000008001e58                HAL_RCC_ClockConfig
 .text.HAL_RCC_GetSysClockFreq
                0x000000000800202c       0xc0 Drivers/STM32F1xx_HAL_Driver/Src/stm32f1xx_hal_rcc.o
                0x000000000800202c                HAL_RCC_GetSysClockFreq
 .text.HAL_RCC_GetHCLKFreq
                0x00000000080020ec       0x14 Drivers/STM32F1xx_HAL_Driver/Src/stm32f1xx_hal_rcc.o
                0x00000000080020ec                HAL_RCC_GetHCLKFreq
 .text.HAL_RCC_GetPCLK1Freq
                0x0000000008002100       0x28 Drivers/STM32F1xx_HAL_Driver/Src/stm32f1xx_hal_rcc.o
                0x0000000008002100                HAL_RCC_GetPCLK1Freq
 .text.HAL_RCC_GetPCLK2Freq
                0x0000000008002128       0x28 Drivers/STM32F1xx_HAL_Driver/Src/stm32f1xx_hal_rcc.o
                0x0000000008002128                HAL_RCC_GetPCLK2Freq
 .text.HAL_RCC_GetClockConfig
                0x0000000008002150       0x60 Drivers/STM32F1xx_HAL_Driver/Src/stm32f1xx_hal_rcc.o
                0x0000000008002150                HAL_RCC_GetClockConfig
 .text.RCC_Delay
                0x00000000080021b0       0x3c Drivers/STM32F1xx_HAL_Driver/Src/stm32f1xx_hal_rcc.o
 .text.HAL_RCCEx_PeriphCLKConfig
                0x00000000080021ec      0x16c Drivers/STM32F1xx_HAL_Driver/Src/stm32f1xx_hal_rcc_ex.o
                0x00000000080021ec                HAL_RCCEx_PeriphCLKConfig
 .text.HAL_RCCEx_GetPeriphCLKFreq
                0x0000000008002358      0x188 Drivers/STM32F1xx_HAL_Driver/Src/stm32f1xx_hal_rcc_ex.o
                0x0000000008002358                HAL_RCCEx_GetPeriphCLKFreq
 .text.HAL_RTC_Init
                0x00000000080024e0      0x12c Drivers/STM32F1xx_HAL_Driver/Src/stm32f1xx_hal_rtc.o
                0x00000000080024e0                HAL_RTC_Init
 .text.HAL_RTC_SetTime
                0x000000000800260c      0x12e Drivers/STM32F1xx_HAL_Driver/Src/stm32f1xx_hal_rtc.o
                0x000000000800260c                HAL_RTC_SetTime
 *fill*         0x000000000800273a        0x2 
 .text.HAL_RTC_GetTime
                0x000000000800273c      0x1b0 Drivers/STM32F1xx_HAL_Driver/Src/stm32f1xx_hal_rtc.o
                0x000000000800273c                HAL_RTC_GetTime
 .text.HAL_RTC_SetDate
                0x00000000080028ec      0x16c Drivers/STM32F1xx_HAL_Driver/Src/stm32f1xx_hal_rtc.o
                0x00000000080028ec                HAL_RTC_SetDate
 .text.HAL_RTC_GetDate
                0x0000000008002a58       0xa8 Drivers/STM32F1xx_HAL_Driver/Src/stm32f1xx_hal_rtc.o
                0x0000000008002a58                HAL_RTC_GetDate
 .text.HAL_RTC_WaitForSynchro
                0x0000000008002b00       0x5a Drivers/STM32F1xx_HAL_Driver/Src/stm32f1xx_hal_rtc.o
                0x0000000008002b00                HAL_RTC_WaitForSynchro
 .text.RTC_ReadTimeCounter
                0x0000000008002b5a       0x60 Drivers/STM32F1xx_HAL_Driver/Src/stm32f1xx_hal_rtc.o
 .text.RTC_WriteTimeCounter
                0x0000000008002bba       0x4e Drivers/STM32F1xx_HAL_Driver/Src/stm32f1xx_hal_rtc.o
 .text.RTC_ReadAlarmCounter
                0x0000000008002c08       0x32 Drivers/STM32F1xx_HAL_Driver/Src/stm32f1xx_hal_rtc.o
 .text.RTC_WriteAlarmCounter
                0x0000000008002c3a       0x4e Drivers/STM32F1xx_HAL_Driver/Src/stm32f1xx_hal_rtc.o
 .text.RTC_EnterInitMode
                0x0000000008002c88       0x50 Drivers/STM32F1xx_HAL_Driver/Src/stm32f1xx_hal_rtc.o
 .text.RTC_ExitInitMode
                0x0000000008002cd8       0x50 Drivers/STM32F1xx_HAL_Driver/Src/stm32f1xx_hal_rtc.o
 .text.RTC_ByteToBcd2
                0x0000000008002d28       0x3a Drivers/STM32F1xx_HAL_Driver/Src/stm32f1xx_hal_rtc.o
 .text.RTC_Bcd2ToByte
                0x0000000008002d62       0x3a Drivers/STM32F1xx_HAL_Driver/Src/stm32f1xx_hal_rtc.o
 .text.RTC_DateUpdate
                0x0000000008002d9c      0x152 Drivers/STM32F1xx_HAL_Driver/Src/stm32f1xx_hal_rtc.o
 *fill*         0x0000000008002eee        0x2 
 .text.RTC_IsLeapYear
                0x0000000008002ef0       0x64 Drivers/STM32F1xx_HAL_Driver/Src/stm32f1xx_hal_rtc.o
 .text.RTC_WeekDayNum
                0x0000000008002f54       0xf0 Drivers/STM32F1xx_HAL_Driver/Src/stm32f1xx_hal_rtc.o
 .text.HAL_TIM_Base_Init
                0x0000000008003044       0x9e Drivers/STM32F1xx_HAL_Driver/Src/stm32f1xx_hal_tim.o
                0x0000000008003044                HAL_TIM_Base_Init
 .text.HAL_TIM_Base_MspInit
                0x00000000080030e2       0x12 Drivers/STM32F1xx_HAL_Driver/Src/stm32f1xx_hal_tim.o
                0x00000000080030e2                HAL_TIM_Base_MspInit
 .text.HAL_TIM_Base_Start_IT
                0x00000000080030f4       0xa4 Drivers/STM32F1xx_HAL_Driver/Src/stm32f1xx_hal_tim.o
                0x00000000080030f4                HAL_TIM_Base_Start_IT
 .text.HAL_TIM_IRQHandler
                0x0000000008003198      0x210 Drivers/STM32F1xx_HAL_Driver/Src/stm32f1xx_hal_tim.o
                0x0000000008003198                HAL_TIM_IRQHandler
 .text.HAL_TIM_OC_DelayElapsedCallback
                0x00000000080033a8       0x12 Drivers/STM32F1xx_HAL_Driver/Src/stm32f1xx_hal_tim.o
                0x00000000080033a8                HAL_TIM_OC_DelayElapsedCallback
 .text.HAL_TIM_IC_CaptureCallback
                0x00000000080033ba       0x12 Drivers/STM32F1xx_HAL_Driver/Src/stm32f1xx_hal_tim.o
                0x00000000080033ba                HAL_TIM_IC_CaptureCallback
 .text.HAL_TIM_PWM_PulseFinishedCallback
                0x00000000080033cc       0x12 Drivers/STM32F1xx_HAL_Driver/Src/stm32f1xx_hal_tim.o
                0x00000000080033cc                HAL_TIM_PWM_PulseFinishedCallback
 .text.HAL_TIM_TriggerCallback
                0x00000000080033de       0x12 Drivers/STM32F1xx_HAL_Driver/Src/stm32f1xx_hal_tim.o
                0x00000000080033de                HAL_TIM_TriggerCallback
 .text.TIM_Base_SetConfig
                0x00000000080033f0       0xc4 Drivers/STM32F1xx_HAL_Driver/Src/stm32f1xx_hal_tim.o
                0x00000000080033f0                TIM_Base_SetConfig
 .text.HAL_TIMEx_CommutCallback
                0x00000000080034b4       0x12 Drivers/STM32F1xx_HAL_Driver/Src/stm32f1xx_hal_tim_ex.o
                0x00000000080034b4                HAL_TIMEx_CommutCallback
 .text.HAL_TIMEx_BreakCallback
                0x00000000080034c6       0x12 Drivers/STM32F1xx_HAL_Driver/Src/stm32f1xx_hal_tim_ex.o
                0x00000000080034c6                HAL_TIMEx_BreakCallback
 .text.HAL_UART_Init
                0x00000000080034d8       0x9a Drivers/STM32F1xx_HAL_Driver/Src/stm32f1xx_hal_uart.o
                0x00000000080034d8                HAL_UART_Init
 *fill*         0x0000000008003572        0x2 
 .text.HAL_UART_Transmit_DMA
                0x0000000008003574       0xd8 Drivers/STM32F1xx_HAL_Driver/Src/stm32f1xx_hal_uart.o
                0x0000000008003574                HAL_UART_Transmit_DMA
 .text.HAL_UART_Receive_DMA
                0x000000000800364c      0x100 Drivers/STM32F1xx_HAL_Driver/Src/stm32f1xx_hal_uart.o
                0x000000000800364c                HAL_UART_Receive_DMA
 .text.HAL_UART_IRQHandler
                0x000000000800374c      0x200 Drivers/STM32F1xx_HAL_Driver/Src/stm32f1xx_hal_uart.o
                0x000000000800374c                HAL_UART_IRQHandler
 .text.HAL_UART_TxHalfCpltCallback
                0x000000000800394c       0x12 Drivers/STM32F1xx_HAL_Driver/Src/stm32f1xx_hal_uart.o
                0x000000000800394c                HAL_UART_TxHalfCpltCallback
 .text.HAL_UART_RxHalfCpltCallback
                0x000000000800395e       0x12 Drivers/STM32F1xx_HAL_Driver/Src/stm32f1xx_hal_uart.o
                0x000000000800395e                HAL_UART_RxHalfCpltCallback
 .text.HAL_UART_ErrorCallback
                0x0000000008003970       0x12 Drivers/STM32F1xx_HAL_Driver/Src/stm32f1xx_hal_uart.o
                0x0000000008003970                HAL_UART_ErrorCallback
 .text.UART_DMATransmitCplt
                0x0000000008003982       0x52 Drivers/STM32F1xx_HAL_Driver/Src/stm32f1xx_hal_uart.o
 .text.UART_DMATxHalfCplt
                0x00000000080039d4       0x1c Drivers/STM32F1xx_HAL_Driver/Src/stm32f1xx_hal_uart.o
 .text.UART_DMAReceiveCplt
                0x00000000080039f0       0x68 Drivers/STM32F1xx_HAL_Driver/Src/stm32f1xx_hal_uart.o
 .text.UART_DMARxHalfCplt
                0x0000000008003a58       0x1c Drivers/STM32F1xx_HAL_Driver/Src/stm32f1xx_hal_uart.o
 .text.UART_DMAError
                0x0000000008003a74       0x94 Drivers/STM32F1xx_HAL_Driver/Src/stm32f1xx_hal_uart.o
 .text.UART_EndTxTransfer
                0x0000000008003b08       0x2a Drivers/STM32F1xx_HAL_Driver/Src/stm32f1xx_hal_uart.o
 .text.UART_EndRxTransfer
                0x0000000008003b32       0x3a Drivers/STM32F1xx_HAL_Driver/Src/stm32f1xx_hal_uart.o
 .text.UART_DMAAbortOnError
                0x0000000008003b6c       0x28 Drivers/STM32F1xx_HAL_Driver/Src/stm32f1xx_hal_uart.o
 .text.UART_Transmit_IT
                0x0000000008003b94       0x9e Drivers/STM32F1xx_HAL_Driver/Src/stm32f1xx_hal_uart.o
 .text.UART_EndTransmit_IT
                0x0000000008003c32       0x30 Drivers/STM32F1xx_HAL_Driver/Src/stm32f1xx_hal_uart.o
 .text.UART_Receive_IT
                0x0000000008003c62      0x100 Drivers/STM32F1xx_HAL_Driver/Src/stm32f1xx_hal_uart.o
 *fill*         0x0000000008003d62        0x2 
 .text.UART_SetConfig
                0x0000000008003d64      0x11c Drivers/STM32F1xx_HAL_Driver/Src/stm32f1xx_hal_uart.o
 .text.fill_line
                0x0000000008003e80       0x3e Library/Menu/menu.o
                0x0000000008003e80                fill_line
 *fill*         0x0000000008003ebe        0x2 
 .text.menu_item_create
                0x0000000008003ec0       0xa8 Library/Menu/menu.o
                0x0000000008003ec0                menu_item_create
 .text.menu_ini
                0x0000000008003f68      0x1ac Library/Menu/menu.o
                0x0000000008003f68                menu_ini
 .text.write_operation
                0x0000000008004114      0x1ac Library/wh0802/wh0802.o
                0x0000000008004114                write_operation
 .text.wh0802_clear_display
                0x00000000080042c0       0x10 Library/wh0802/wh0802.o
                0x00000000080042c0                wh0802_clear_display
 .text.wh0802_entry_mode_set
                0x00000000080042d0       0x2e Library/wh0802/wh0802.o
                0x00000000080042d0                wh0802_entry_mode_set
 .text.wh0802_display_control
                0x00000000080042fe       0x36 Library/wh0802/wh0802.o
                0x00000000080042fe                wh0802_display_control
 .text.wh0802_function_set
                0x0000000008004334       0x36 Library/wh0802/wh0802.o
                0x0000000008004334                wh0802_function_set
 .text.wh0802_set_ddram_address
                0x000000000800436a       0x22 Library/wh0802/wh0802.o
                0x000000000800436a                wh0802_set_ddram_address
 .text.wh0802_write_data_to_ram
                0x000000000800438c       0x1c Library/wh0802/wh0802.o
                0x000000000800438c                wh0802_write_data_to_ram
 .text.wh0802_init
                0x00000000080043a8       0x88 Library/wh0802/wh0802.o
                0x00000000080043a8                wh0802_init
 .text.wh0802_write_to_display
                0x0000000008004430       0xd2 Library/wh0802/wh0802.o
                0x0000000008004430                wh0802_write_to_display
 .text.makeFreeRtosPriority
                0x0000000008004502       0x2e Middlewares/Third_Party/FreeRTOS/Source/CMSIS_RTOS/cmsis_os.o
 .text.inHandlerMode
                0x0000000008004530       0x22 Middlewares/Third_Party/FreeRTOS/Source/CMSIS_RTOS/cmsis_os.o
 .text.osKernelStart
                0x0000000008004552        0xe Middlewares/Third_Party/FreeRTOS/Source/CMSIS_RTOS/cmsis_os.o
                0x0000000008004552                osKernelStart
 .text.osKernelRunning
                0x0000000008004560       0x18 Middlewares/Third_Party/FreeRTOS/Source/CMSIS_RTOS/cmsis_os.o
                0x0000000008004560                osKernelRunning
 .text.osThreadCreate
                0x0000000008004578       0x98 Middlewares/Third_Party/FreeRTOS/Source/CMSIS_RTOS/cmsis_os.o
                0x0000000008004578                osThreadCreate
 .text.osThreadGetId
                0x0000000008004610        0xe Middlewares/Third_Party/FreeRTOS/Source/CMSIS_RTOS/cmsis_os.o
                0x0000000008004610                osThreadGetId
 .text.osDelay  0x000000000800461e       0x28 Middlewares/Third_Party/FreeRTOS/Source/CMSIS_RTOS/cmsis_os.o
                0x000000000800461e                osDelay
 *fill*         0x0000000008004646        0x2 
 .text.osTimerCreate
                0x0000000008004648       0x68 Middlewares/Third_Party/FreeRTOS/Source/CMSIS_RTOS/cmsis_os.o
                0x0000000008004648                osTimerCreate
 .text.osTimerStart
                0x00000000080046b0       0x88 Middlewares/Third_Party/FreeRTOS/Source/CMSIS_RTOS/cmsis_os.o
                0x00000000080046b0                osTimerStart
 .text.osTimerStop
                0x0000000008004738       0x78 Middlewares/Third_Party/FreeRTOS/Source/CMSIS_RTOS/cmsis_os.o
                0x0000000008004738                osTimerStop
 .text.osMutexCreate
                0x00000000080047b0       0x30 Middlewares/Third_Party/FreeRTOS/Source/CMSIS_RTOS/cmsis_os.o
                0x00000000080047b0                osMutexCreate
 .text.osSemaphoreCreate
                0x00000000080047e0       0x7e Middlewares/Third_Party/FreeRTOS/Source/CMSIS_RTOS/cmsis_os.o
                0x00000000080047e0                osSemaphoreCreate
 .text.osMessageCreate
                0x000000000800485e       0x50 Middlewares/Third_Party/FreeRTOS/Source/CMSIS_RTOS/cmsis_os.o
                0x000000000800485e                osMessageCreate
 *fill*         0x00000000080048ae        0x2 
 .text.osMessagePut
                0x00000000080048b0       0x80 Middlewares/Third_Party/FreeRTOS/Source/CMSIS_RTOS/cmsis_os.o
                0x00000000080048b0                osMessagePut
 .text.osMessageGet
                0x0000000008004930       0xe8 Middlewares/Third_Party/FreeRTOS/Source/CMSIS_RTOS/cmsis_os.o
                0x0000000008004930                osMessageGet
 .text.osThreadSuspend
                0x0000000008004a18       0x18 Middlewares/Third_Party/FreeRTOS/Source/CMSIS_RTOS/cmsis_os.o
                0x0000000008004a18                osThreadSuspend
 .text.osThreadResume
                0x0000000008004a30       0x44 Middlewares/Third_Party/FreeRTOS/Source/CMSIS_RTOS/cmsis_os.o
                0x0000000008004a30                osThreadResume
 .text.vListInitialise
                0x0000000008004a74       0x3e Middlewares/Third_Party/FreeRTOS/Source/list.o
                0x0000000008004a74                vListInitialise
 .text.vListInitialiseItem
                0x0000000008004ab2       0x18 Middlewares/Third_Party/FreeRTOS/Source/list.o
                0x0000000008004ab2                vListInitialiseItem
 .text.vListInsertEnd
                0x0000000008004aca       0x46 Middlewares/Third_Party/FreeRTOS/Source/list.o
                0x0000000008004aca                vListInsertEnd
 .text.vListInsert
                0x0000000008004b10       0x70 Middlewares/Third_Party/FreeRTOS/Source/list.o
                0x0000000008004b10                vListInsert
 .text.uxListRemove
                0x0000000008004b80       0x52 Middlewares/Third_Party/FreeRTOS/Source/list.o
                0x0000000008004b80                uxListRemove
 *fill*         0x0000000008004bd2        0x2 
 .text.xQueueGenericReset
                0x0000000008004bd4       0xd0 Middlewares/Third_Party/FreeRTOS/Source/queue.o
                0x0000000008004bd4                xQueueGenericReset
 .text.xQueueGenericCreateStatic
                0x0000000008004ca4       0xee Middlewares/Third_Party/FreeRTOS/Source/queue.o
                0x0000000008004ca4                xQueueGenericCreateStatic
 .text.xQueueGenericCreate
                0x0000000008004d92       0x7c Middlewares/Third_Party/FreeRTOS/Source/queue.o
                0x0000000008004d92                xQueueGenericCreate
 .text.prvInitialiseNewQueue
                0x0000000008004e0e       0x3e Middlewares/Third_Party/FreeRTOS/Source/queue.o
 .text.prvInitialiseMutex
                0x0000000008004e4c       0x34 Middlewares/Third_Party/FreeRTOS/Source/queue.o
 .text.xQueueCreateMutex
                0x0000000008004e80       0x30 Middlewares/Third_Party/FreeRTOS/Source/queue.o
                0x0000000008004e80                xQueueCreateMutex
 .text.xQueueCreateMutexStatic
                0x0000000008004eb0       0x36 Middlewares/Third_Party/FreeRTOS/Source/queue.o
                0x0000000008004eb0                xQueueCreateMutexStatic
 .text.xQueueCreateCountingSemaphoreStatic
                0x0000000008004ee6       0x6e Middlewares/Third_Party/FreeRTOS/Source/queue.o
                0x0000000008004ee6                xQueueCreateCountingSemaphoreStatic
 .text.xQueueCreateCountingSemaphore
                0x0000000008004f54       0x66 Middlewares/Third_Party/FreeRTOS/Source/queue.o
                0x0000000008004f54                xQueueCreateCountingSemaphore
 *fill*         0x0000000008004fba        0x2 
 .text.xQueueGenericSend
                0x0000000008004fbc      0x1fc Middlewares/Third_Party/FreeRTOS/Source/queue.o
                0x0000000008004fbc                xQueueGenericSend
 .text.xQueueGenericSendFromISR
                0x00000000080051b8      0x130 Middlewares/Third_Party/FreeRTOS/Source/queue.o
                0x00000000080051b8                xQueueGenericSendFromISR
 .text.xQueueReceive
                0x00000000080052e8      0x1c0 Middlewares/Third_Party/FreeRTOS/Source/queue.o
                0x00000000080052e8                xQueueReceive
 .text.xQueueReceiveFromISR
                0x00000000080054a8      0x100 Middlewares/Third_Party/FreeRTOS/Source/queue.o
                0x00000000080054a8                xQueueReceiveFromISR
 .text.prvCopyDataToQueue
                0x00000000080055a8       0xd4 Middlewares/Third_Party/FreeRTOS/Source/queue.o
 .text.prvCopyDataFromQueue
                0x000000000800567c       0x4c Middlewares/Third_Party/FreeRTOS/Source/queue.o
 .text.prvUnlockQueue
                0x00000000080056c8       0xa4 Middlewares/Third_Party/FreeRTOS/Source/queue.o
 .text.prvIsQueueEmpty
                0x000000000800576c       0x2c Middlewares/Third_Party/FreeRTOS/Source/queue.o
 .text.prvIsQueueFull
                0x0000000008005798       0x30 Middlewares/Third_Party/FreeRTOS/Source/queue.o
 .text.vQueueAddToRegistry
                0x00000000080057c8       0x50 Middlewares/Third_Party/FreeRTOS/Source/queue.o
                0x00000000080057c8                vQueueAddToRegistry
 .text.vQueueWaitForMessageRestricted
                0x0000000008005818       0x68 Middlewares/Third_Party/FreeRTOS/Source/queue.o
                0x0000000008005818                vQueueWaitForMessageRestricted
 .text.xTaskCreateStatic
                0x0000000008005880       0xb8 Middlewares/Third_Party/FreeRTOS/Source/tasks.o
                0x0000000008005880                xTaskCreateStatic
 .text.xTaskCreate
                0x0000000008005938       0x8a Middlewares/Third_Party/FreeRTOS/Source/tasks.o
                0x0000000008005938                xTaskCreate
 .text.prvInitialiseNewTask
                0x00000000080059c2       0xfe Middlewares/Third_Party/FreeRTOS/Source/tasks.o
 .text.prvAddNewTaskToReadyList
                0x0000000008005ac0       0xd4 Middlewares/Third_Party/FreeRTOS/Source/tasks.o
 .text.vTaskDelay
                0x0000000008005b94       0x68 Middlewares/Third_Party/FreeRTOS/Source/tasks.o
                0x0000000008005b94                vTaskDelay
 .text.vTaskSuspend
                0x0000000008005bfc      0x124 Middlewares/Third_Party/FreeRTOS/Source/tasks.o
                0x0000000008005bfc                vTaskSuspend
 .text.prvTaskIsTaskSuspended
                0x0000000008005d20       0x74 Middlewares/Third_Party/FreeRTOS/Source/tasks.o
 .text.vTaskResume
                0x0000000008005d94       0xbc Middlewares/Third_Party/FreeRTOS/Source/tasks.o
                0x0000000008005d94                vTaskResume
 .text.xTaskResumeFromISR
                0x0000000008005e50       0xe4 Middlewares/Third_Party/FreeRTOS/Source/tasks.o
                0x0000000008005e50                xTaskResumeFromISR
 .text.vTaskStartScheduler
                0x0000000008005f34       0xcc Middlewares/Third_Party/FreeRTOS/Source/tasks.o
                0x0000000008005f34                vTaskStartScheduler
 .text.vTaskSuspendAll
                0x0000000008006000       0x1c Middlewares/Third_Party/FreeRTOS/Source/tasks.o
                0x0000000008006000                vTaskSuspendAll
 .text.xTaskResumeAll
                0x000000000800601c      0x138 Middlewares/Third_Party/FreeRTOS/Source/tasks.o
                0x000000000800601c                xTaskResumeAll
 .text.xTaskGetTickCount
                0x0000000008006154       0x1c Middlewares/Third_Party/FreeRTOS/Source/tasks.o
                0x0000000008006154                xTaskGetTickCount
 .text.xTaskIncrementTick
                0x0000000008006170      0x17c Middlewares/Third_Party/FreeRTOS/Source/tasks.o
                0x0000000008006170                xTaskIncrementTick
 .text.vTaskSwitchContext
                0x00000000080062ec       0xb4 Middlewares/Third_Party/FreeRTOS/Source/tasks.o
                0x00000000080062ec                vTaskSwitchContext
 .text.vTaskPlaceOnEventList
                0x00000000080063a0       0x48 Middlewares/Third_Party/FreeRTOS/Source/tasks.o
                0x00000000080063a0                vTaskPlaceOnEventList
 .text.vTaskPlaceOnEventListRestricted
                0x00000000080063e8       0x58 Middlewares/Third_Party/FreeRTOS/Source/tasks.o
                0x00000000080063e8                vTaskPlaceOnEventListRestricted
 .text.xTaskRemoveFromEventList
                0x0000000008006440       0xc4 Middlewares/Third_Party/FreeRTOS/Source/tasks.o
                0x0000000008006440                xTaskRemoveFromEventList
 .text.vTaskInternalSetTimeOutState
                0x0000000008006504       0x2c Middlewares/Third_Party/FreeRTOS/Source/tasks.o
                0x0000000008006504                vTaskInternalSetTimeOutState
 .text.xTaskCheckForTimeOut
                0x0000000008006530       0xc4 Middlewares/Third_Party/FreeRTOS/Source/tasks.o
                0x0000000008006530                xTaskCheckForTimeOut
 .text.vTaskMissedYield
                0x00000000080065f4       0x18 Middlewares/Third_Party/FreeRTOS/Source/tasks.o
                0x00000000080065f4                vTaskMissedYield
 .text.prvIdleTask
                0x000000000800660c       0x30 Middlewares/Third_Party/FreeRTOS/Source/tasks.o
 .text.prvInitialiseTaskLists
                0x000000000800663c       0x80 Middlewares/Third_Party/FreeRTOS/Source/tasks.o
 .text.prvCheckTasksWaitingTermination
                0x00000000080066bc       0x5c Middlewares/Third_Party/FreeRTOS/Source/tasks.o
 .text.prvDeleteTCB
                0x0000000008006718       0x5e Middlewares/Third_Party/FreeRTOS/Source/tasks.o
 *fill*         0x0000000008006776        0x2 
 .text.prvResetNextTaskUnblockTime
                0x0000000008006778       0x48 Middlewares/Third_Party/FreeRTOS/Source/tasks.o
 .text.xTaskGetCurrentTaskHandle
                0x00000000080067c0       0x1c Middlewares/Third_Party/FreeRTOS/Source/tasks.o
                0x00000000080067c0                xTaskGetCurrentTaskHandle
 .text.xTaskGetSchedulerState
                0x00000000080067dc       0x3c Middlewares/Third_Party/FreeRTOS/Source/tasks.o
                0x00000000080067dc                xTaskGetSchedulerState
 .text.xTaskPriorityDisinherit
                0x0000000008006818      0x10c Middlewares/Third_Party/FreeRTOS/Source/tasks.o
                0x0000000008006818                xTaskPriorityDisinherit
 .text.prvAddCurrentTaskToDelayedList
                0x0000000008006924       0xcc Middlewares/Third_Party/FreeRTOS/Source/tasks.o
 .text.xTimerCreateTimerTask
                0x00000000080069f0       0x90 Middlewares/Third_Party/FreeRTOS/Source/timers.o
                0x00000000080069f0                xTimerCreateTimerTask
 .text.xTimerCreate
                0x0000000008006a80       0x42 Middlewares/Third_Party/FreeRTOS/Source/timers.o
                0x0000000008006a80                xTimerCreate
 .text.xTimerCreateStatic
                0x0000000008006ac2       0x7a Middlewares/Third_Party/FreeRTOS/Source/timers.o
                0x0000000008006ac2                xTimerCreateStatic
 .text.prvInitialiseNewTimer
                0x0000000008006b3c       0x64 Middlewares/Third_Party/FreeRTOS/Source/timers.o
 .text.xTimerGenericCommand
                0x0000000008006ba0       0x9c Middlewares/Third_Party/FreeRTOS/Source/timers.o
                0x0000000008006ba0                xTimerGenericCommand
 .text.prvProcessExpiredTimer
                0x0000000008006c3c       0x80 Middlewares/Third_Party/FreeRTOS/Source/timers.o
 .text.prvTimerTask
                0x0000000008006cbc       0x24 Middlewares/Third_Party/FreeRTOS/Source/timers.o
 .text.prvProcessTimerOrBlockTask
                0x0000000008006ce0       0x9c Middlewares/Third_Party/FreeRTOS/Source/timers.o
 .text.prvGetNextExpireTime
                0x0000000008006d7c       0x48 Middlewares/Third_Party/FreeRTOS/Source/timers.o
 .text.prvSampleTimeNow
                0x0000000008006dc4       0x40 Middlewares/Third_Party/FreeRTOS/Source/timers.o
 .text.prvInsertTimerInActiveList
                0x0000000008006e04       0x84 Middlewares/Third_Party/FreeRTOS/Source/timers.o
 .text.prvProcessReceivedCommands
                0x0000000008006e88      0x134 Middlewares/Third_Party/FreeRTOS/Source/timers.o
 .text.prvSwitchTimerLists
                0x0000000008006fbc       0xc4 Middlewares/Third_Party/FreeRTOS/Source/timers.o
 .text.prvCheckForValidListAndQueue
                0x0000000008007080       0x80 Middlewares/Third_Party/FreeRTOS/Source/timers.o
 .text.pxPortInitialiseStack
                0x0000000008007100       0x58 Middlewares/Third_Party/FreeRTOS/Source/portable/GCC/ARM_CM3/port.o
                0x0000000008007100                pxPortInitialiseStack
 .text.prvTaskExitError
                0x0000000008007158       0x58 Middlewares/Third_Party/FreeRTOS/Source/portable/GCC/ARM_CM3/port.o
 .text.SVC_Handler
                0x00000000080071b0       0x28 Middlewares/Third_Party/FreeRTOS/Source/portable/GCC/ARM_CM3/port.o
                0x00000000080071b0                SVC_Handler
 .text.prvPortStartFirstTask
                0x00000000080071d8       0x20 Middlewares/Third_Party/FreeRTOS/Source/portable/GCC/ARM_CM3/port.o
 .text.xPortStartScheduler
                0x00000000080071f8       0xe4 Middlewares/Third_Party/FreeRTOS/Source/portable/GCC/ARM_CM3/port.o
                0x00000000080071f8                xPortStartScheduler
 .text.vPortEnterCritical
                0x00000000080072dc       0x60 Middlewares/Third_Party/FreeRTOS/Source/portable/GCC/ARM_CM3/port.o
                0x00000000080072dc                vPortEnterCritical
 .text.vPortExitCritical
                0x000000000800733c       0x50 Middlewares/Third_Party/FreeRTOS/Source/portable/GCC/ARM_CM3/port.o
                0x000000000800733c                vPortExitCritical
 *fill*         0x000000000800738c        0x4 
 .text.PendSV_Handler
                0x0000000008007390       0x48 Middlewares/Third_Party/FreeRTOS/Source/portable/GCC/ARM_CM3/port.o
                0x0000000008007390                PendSV_Handler
 .text.SysTick_Handler
                0x00000000080073d8       0x44 Middlewares/Third_Party/FreeRTOS/Source/portable/GCC/ARM_CM3/port.o
                0x00000000080073d8                SysTick_Handler
 .text.vPortSetupTimerInterrupt
                0x000000000800741c       0x44 Middlewares/Third_Party/FreeRTOS/Source/portable/GCC/ARM_CM3/port.o
                0x000000000800741c                vPortSetupTimerInterrupt
 .text.vPortValidateInterruptPriority
                0x0000000008007460       0x7c Middlewares/Third_Party/FreeRTOS/Source/portable/GCC/ARM_CM3/port.o
                0x0000000008007460                vPortValidateInterruptPriority
 .text.pvPortMalloc
                0x00000000080074dc      0x188 Middlewares/Third_Party/FreeRTOS/Source/portable/MemMang/heap_4.o
                0x00000000080074dc                pvPortMalloc
 .text.vPortFree
                0x0000000008007664       0xb4 Middlewares/Third_Party/FreeRTOS/Source/portable/MemMang/heap_4.o
                0x0000000008007664                vPortFree
 .text.prvHeapInit
                0x0000000008007718       0xc4 Middlewares/Third_Party/FreeRTOS/Source/portable/MemMang/heap_4.o
 .text.prvInsertBlockIntoFreeList
                0x00000000080077dc       0xb0 Middlewares/Third_Party/FreeRTOS/Source/portable/MemMang/heap_4.o
 .text.Display  0x000000000800788c      0x92c Threads/src/display.o
                0x000000000800788c                Display
 .text.TimeMenu
                0x00000000080081b8      0x208 Threads/src/display.o
                0x00000000080081b8                TimeMenu
 .text.TimeTask
                0x00000000080083c0      0xb60 Threads/src/display.o
                0x00000000080083c0                TimeTask
 .text.DateTask
                0x0000000008008f20      0x7f8 Threads/src/display.o
                0x0000000008008f20                DateTask
 .text.TimeDisplayTask
                0x0000000008009718      0x134 Threads/src/display.o
                0x0000000008009718                TimeDisplayTask
 .text.DateDisplayTask
                0x000000000800984c      0x134 Threads/src/display.o
                0x000000000800984c                DateDisplayTask
 .text.DisplayTimer
                0x0000000008009980       0x44 Threads/src/display.o
                0x0000000008009980                DisplayTimer
 .text.Keyboard
                0x00000000080099c4      0x37c Threads/src/keyboard.o
                0x00000000080099c4                Keyboard
 .text.WifiTask
                0x0000000008009d40       0x40 Threads/src/wifi.o
                0x0000000008009d40                WifiTask
 .text.__libc_init_array
                0x0000000008009d80       0x48 c:/st/stm32cubeide_1.6.1/stm32cubeide/plugins/com.st.stm32cube.ide.mcu.externaltools.gnu-tools-for-stm32.9-2020-q2-update.win32_1.5.0.202011040924/tools/bin/../lib/gcc/arm-none-eabi/9.3.1/../../../../arm-none-eabi/lib/thumb/v7-m/nofp\libc_nano.a(lib_a-init.o)
                0x0000000008009d80                __libc_init_array
 .text.memcpy   0x0000000008009dc8       0x1c c:/st/stm32cubeide_1.6.1/stm32cubeide/plugins/com.st.stm32cube.ide.mcu.externaltools.gnu-tools-for-stm32.9-2020-q2-update.win32_1.5.0.202011040924/tools/bin/../lib/gcc/arm-none-eabi/9.3.1/../../../../arm-none-eabi/lib/thumb/v7-m/nofp\libc_nano.a(lib_a-memcpy-stub.o)
                0x0000000008009dc8                memcpy
 .text.memset   0x0000000008009de4       0x10 c:/st/stm32cubeide_1.6.1/stm32cubeide/plugins/com.st.stm32cube.ide.mcu.externaltools.gnu-tools-for-stm32.9-2020-q2-update.win32_1.5.0.202011040924/tools/bin/../lib/gcc/arm-none-eabi/9.3.1/../../../../arm-none-eabi/lib/thumb/v7-m/nofp\libc_nano.a(lib_a-memset.o)
                0x0000000008009de4                memset
 *(.glue_7)
 .glue_7        0x0000000008009df4        0x0 linker stubs
 *(.glue_7t)
 .glue_7t       0x0000000008009df4        0x0 linker stubs
 *(.eh_frame)
 .eh_frame      0x0000000008009df4        0x0 c:/st/stm32cubeide_1.6.1/stm32cubeide/plugins/com.st.stm32cube.ide.mcu.externaltools.gnu-tools-for-stm32.9-2020-q2-update.win32_1.5.0.202011040924/tools/bin/../lib/gcc/arm-none-eabi/9.3.1/thumb/v7-m/nofp/crtbegin.o
 *(.init)
 .init          0x0000000008009df4        0x4 c:/st/stm32cubeide_1.6.1/stm32cubeide/plugins/com.st.stm32cube.ide.mcu.externaltools.gnu-tools-for-stm32.9-2020-q2-update.win32_1.5.0.202011040924/tools/bin/../lib/gcc/arm-none-eabi/9.3.1/thumb/v7-m/nofp/crti.o
                0x0000000008009df4                _init
 .init          0x0000000008009df8        0x8 c:/st/stm32cubeide_1.6.1/stm32cubeide/plugins/com.st.stm32cube.ide.mcu.externaltools.gnu-tools-for-stm32.9-2020-q2-update.win32_1.5.0.202011040924/tools/bin/../lib/gcc/arm-none-eabi/9.3.1/thumb/v7-m/nofp/crtn.o
 *(.fini)
 .fini          0x0000000008009e00        0x4 c:/st/stm32cubeide_1.6.1/stm32cubeide/plugins/com.st.stm32cube.ide.mcu.externaltools.gnu-tools-for-stm32.9-2020-q2-update.win32_1.5.0.202011040924/tools/bin/../lib/gcc/arm-none-eabi/9.3.1/thumb/v7-m/nofp/crti.o
                0x0000000008009e00                _fini
 .fini          0x0000000008009e04        0x8 c:/st/stm32cubeide_1.6.1/stm32cubeide/plugins/com.st.stm32cube.ide.mcu.externaltools.gnu-tools-for-stm32.9-2020-q2-update.win32_1.5.0.202011040924/tools/bin/../lib/gcc/arm-none-eabi/9.3.1/thumb/v7-m/nofp/crtn.o
                0x0000000008009e0c                . = ALIGN (0x4)
                0x0000000008009e0c                _etext = .

.vfp11_veneer   0x0000000008009e0c        0x0
 .vfp11_veneer  0x0000000008009e0c        0x0 linker stubs

.v4_bx          0x0000000008009e0c        0x0
 .v4_bx         0x0000000008009e0c        0x0 linker stubs

.iplt           0x0000000008009e0c        0x0
 .iplt          0x0000000008009e0c        0x0 c:/st/stm32cubeide_1.6.1/stm32cubeide/plugins/com.st.stm32cube.ide.mcu.externaltools.gnu-tools-for-stm32.9-2020-q2-update.win32_1.5.0.202011040924/tools/bin/../lib/gcc/arm-none-eabi/9.3.1/thumb/v7-m/nofp/crtbegin.o

.rodata         0x0000000008009e0c      0x248
                0x0000000008009e0c                . = ALIGN (0x4)
 *(.rodata)
 .rodata        0x0000000008009e0c      0x16c Core/Src/main.o
 .rodata        0x0000000008009f78       0x10 Drivers/STM32F1xx_HAL_Driver/Src/stm32f1xx_hal_rcc.o
 .rodata        0x0000000008009f88       0x10 Drivers/STM32F1xx_HAL_Driver/Src/stm32f1xx_hal_rcc_ex.o
 .rodata        0x0000000008009f98       0x85 Library/Menu/menu.o
 *fill*         0x000000000800a01d        0x3 
 .rodata        0x000000000800a020        0x1 Middlewares/Third_Party/FreeRTOS/Source/CMSIS_RTOS/cmsis_os.o
 *fill*         0x000000000800a021        0x3 
 .rodata        0x000000000800a024        0x5 Middlewares/Third_Party/FreeRTOS/Source/tasks.o
 *fill*         0x000000000800a029        0x3 
 .rodata        0x000000000800a02c        0xd Middlewares/Third_Party/FreeRTOS/Source/timers.o
 *(.rodata*)
 *fill*         0x000000000800a039        0x3 
 .rodata.AHBPrescTable
                0x000000000800a03c       0x10 Core/Src/system_stm32f1xx.o
                0x000000000800a03c                AHBPrescTable
 .rodata.APBPrescTable
                0x000000000800a04c        0x8 Core/Src/system_stm32f1xx.o
                0x000000000800a04c                APBPrescTable
                0x000000000800a054                . = ALIGN (0x4)

.rel.dyn        0x000000000800a054        0x0
 .rel.iplt      0x000000000800a054        0x0 c:/st/stm32cubeide_1.6.1/stm32cubeide/plugins/com.st.stm32cube.ide.mcu.externaltools.gnu-tools-for-stm32.9-2020-q2-update.win32_1.5.0.202011040924/tools/bin/../lib/gcc/arm-none-eabi/9.3.1/thumb/v7-m/nofp/crtbegin.o

.ARM.extab      0x000000000800a054        0x0
                0x000000000800a054                . = ALIGN (0x4)
 *(.ARM.extab* .gnu.linkonce.armextab.*)
                0x000000000800a054                . = ALIGN (0x4)

.ARM            0x000000000800a054        0x0
                0x000000000800a054                . = ALIGN (0x4)
                0x000000000800a054                __exidx_start = .
 *(.ARM.exidx*)
                0x000000000800a054                __exidx_end = .
                0x000000000800a054                . = ALIGN (0x4)

.preinit_array  0x000000000800a054        0x0
                0x000000000800a054                . = ALIGN (0x4)
                0x000000000800a054                PROVIDE (__preinit_array_start = .)
 *(.preinit_array*)
                0x000000000800a054                PROVIDE (__preinit_array_end = .)
                0x000000000800a054                . = ALIGN (0x4)

.init_array     0x000000000800a054        0x4
                0x000000000800a054                . = ALIGN (0x4)
                0x000000000800a054                PROVIDE (__init_array_start = .)
 *(SORT_BY_NAME(.init_array.*))
 *(.init_array*)
 .init_array    0x000000000800a054        0x4 c:/st/stm32cubeide_1.6.1/stm32cubeide/plugins/com.st.stm32cube.ide.mcu.externaltools.gnu-tools-for-stm32.9-2020-q2-update.win32_1.5.0.202011040924/tools/bin/../lib/gcc/arm-none-eabi/9.3.1/thumb/v7-m/nofp/crtbegin.o
                0x000000000800a058                PROVIDE (__init_array_end = .)
                0x000000000800a058                . = ALIGN (0x4)

.fini_array     0x000000000800a058        0x4
                0x000000000800a058                . = ALIGN (0x4)
                [!provide]                        PROVIDE (__fini_array_start = .)
 *(SORT_BY_NAME(.fini_array.*))
 *(.fini_array*)
 .fini_array    0x000000000800a058        0x4 c:/st/stm32cubeide_1.6.1/stm32cubeide/plugins/com.st.stm32cube.ide.mcu.externaltools.gnu-tools-for-stm32.9-2020-q2-update.win32_1.5.0.202011040924/tools/bin/../lib/gcc/arm-none-eabi/9.3.1/thumb/v7-m/nofp/crtbegin.o
                [!provide]                        PROVIDE (__fini_array_end = .)
                0x000000000800a05c                . = ALIGN (0x4)
                0x000000000800a05c                _sidata = LOADADDR (.data)

.data           0x0000000020000000       0x14 load address 0x000000000800a05c
                0x0000000020000000                . = ALIGN (0x4)
                0x0000000020000000                _sdata = .
 *(.data)
 *(.data*)
 .data.SystemCoreClock
                0x0000000020000000        0x4 Core/Src/system_stm32f1xx.o
                0x0000000020000000                SystemCoreClock
 .data.uwTickPrio
                0x0000000020000004        0x4 Drivers/STM32F1xx_HAL_Driver/Src/stm32f1xx_hal.o
                0x0000000020000004                uwTickPrio
 .data.uwTickFreq
                0x0000000020000008        0x1 Drivers/STM32F1xx_HAL_Driver/Src/stm32f1xx_hal.o
                0x0000000020000008                uwTickFreq
 *fill*         0x0000000020000009        0x3 
 .data.uxCriticalNesting
                0x000000002000000c        0x4 Middlewares/Third_Party/FreeRTOS/Source/portable/GCC/ARM_CM3/port.o
 .data.desktop_time_state
                0x0000000020000010        0x1 Threads/src/display.o
                0x0000000020000010                desktop_time_state
 .data.desktop_date_state
                0x0000000020000011        0x1 Threads/src/display.o
                0x0000000020000011                desktop_date_state
 *(.RamFunc)
 *(.RamFunc*)
                0x0000000020000014                . = ALIGN (0x4)
 *fill*         0x0000000020000012        0x2 
                0x0000000020000014                _edata = .

.igot.plt       0x0000000020000014        0x0 load address 0x000000000800a070
 .igot.plt      0x0000000020000014        0x0 c:/st/stm32cubeide_1.6.1/stm32cubeide/plugins/com.st.stm32cube.ide.mcu.externaltools.gnu-tools-for-stm32.9-2020-q2-update.win32_1.5.0.202011040924/tools/bin/../lib/gcc/arm-none-eabi/9.3.1/thumb/v7-m/nofp/crtbegin.o
                0x0000000020000014                . = ALIGN (0x4)

.bss            0x0000000020000014     0x2c2c load address 0x000000000800a070
                0x0000000020000014                _sbss = .
                0x0000000020000014                __bss_start__ = _sbss
 *(.bss)
 .bss           0x0000000020000014       0x1c c:/st/stm32cubeide_1.6.1/stm32cubeide/plugins/com.st.stm32cube.ide.mcu.externaltools.gnu-tools-for-stm32.9-2020-q2-update.win32_1.5.0.202011040924/tools/bin/../lib/gcc/arm-none-eabi/9.3.1/thumb/v7-m/nofp/crtbegin.o
 *(.bss*)
 .bss.xIdleTaskTCBBuffer
                0x0000000020000030       0x54 Core/Src/freertos.o
 .bss.xIdleStack
                0x0000000020000084      0x200 Core/Src/freertos.o
 .bss.xTimerTaskTCBBuffer
                0x0000000020000284       0x54 Core/Src/freertos.o
 .bss.xTimerStack
                0x00000000200002d8      0x400 Core/Src/freertos.o
 .bss.pxCurrentTCB
                0x00000000200006d8        0x4 Middlewares/Third_Party/FreeRTOS/Source/tasks.o
                0x00000000200006d8                pxCurrentTCB
 .bss.pxReadyTasksLists
                0x00000000200006dc       0x8c Middlewares/Third_Party/FreeRTOS/Source/tasks.o
 .bss.xDelayedTaskList1
                0x0000000020000768       0x14 Middlewares/Third_Party/FreeRTOS/Source/tasks.o
 .bss.xDelayedTaskList2
                0x000000002000077c       0x14 Middlewares/Third_Party/FreeRTOS/Source/tasks.o
 .bss.pxDelayedTaskList
                0x0000000020000790        0x4 Middlewares/Third_Party/FreeRTOS/Source/tasks.o
 .bss.pxOverflowDelayedTaskList
                0x0000000020000794        0x4 Middlewares/Third_Party/FreeRTOS/Source/tasks.o
 .bss.xPendingReadyList
                0x0000000020000798       0x14 Middlewares/Third_Party/FreeRTOS/Source/tasks.o
 .bss.xTasksWaitingTermination
                0x00000000200007ac       0x14 Middlewares/Third_Party/FreeRTOS/Source/tasks.o
 .bss.uxDeletedTasksWaitingCleanUp
                0x00000000200007c0        0x4 Middlewares/Third_Party/FreeRTOS/Source/tasks.o
 .bss.xSuspendedTaskList
                0x00000000200007c4       0x14 Middlewares/Third_Party/FreeRTOS/Source/tasks.o
 .bss.uxCurrentNumberOfTasks
                0x00000000200007d8        0x4 Middlewares/Third_Party/FreeRTOS/Source/tasks.o
 .bss.xTickCount
                0x00000000200007dc        0x4 Middlewares/Third_Party/FreeRTOS/Source/tasks.o
 .bss.uxTopReadyPriority
                0x00000000200007e0        0x4 Middlewares/Third_Party/FreeRTOS/Source/tasks.o
 .bss.xSchedulerRunning
                0x00000000200007e4        0x4 Middlewares/Third_Party/FreeRTOS/Source/tasks.o
 .bss.uxPendedTicks
                0x00000000200007e8        0x4 Middlewares/Third_Party/FreeRTOS/Source/tasks.o
 .bss.xYieldPending
                0x00000000200007ec        0x4 Middlewares/Third_Party/FreeRTOS/Source/tasks.o
 .bss.xNumOfOverflows
                0x00000000200007f0        0x4 Middlewares/Third_Party/FreeRTOS/Source/tasks.o
 .bss.uxTaskNumber
                0x00000000200007f4        0x4 Middlewares/Third_Party/FreeRTOS/Source/tasks.o
 .bss.xNextTaskUnblockTime
                0x00000000200007f8        0x4 Middlewares/Third_Party/FreeRTOS/Source/tasks.o
 .bss.xIdleTaskHandle
                0x00000000200007fc        0x4 Middlewares/Third_Party/FreeRTOS/Source/tasks.o
 .bss.uxSchedulerSuspended
                0x0000000020000800        0x4 Middlewares/Third_Party/FreeRTOS/Source/tasks.o
 .bss.xActiveTimerList1
                0x0000000020000804       0x14 Middlewares/Third_Party/FreeRTOS/Source/timers.o
 .bss.xActiveTimerList2
                0x0000000020000818       0x14 Middlewares/Third_Party/FreeRTOS/Source/timers.o
 .bss.pxCurrentTimerList
                0x000000002000082c        0x4 Middlewares/Third_Party/FreeRTOS/Source/timers.o
 .bss.pxOverflowTimerList
                0x0000000020000830        0x4 Middlewares/Third_Party/FreeRTOS/Source/timers.o
 .bss.xTimerQueue
                0x0000000020000834        0x4 Middlewares/Third_Party/FreeRTOS/Source/timers.o
 .bss.xTimerTaskHandle
                0x0000000020000838        0x4 Middlewares/Third_Party/FreeRTOS/Source/timers.o
 .bss.xLastTime.5515
                0x000000002000083c        0x4 Middlewares/Third_Party/FreeRTOS/Source/timers.o
 .bss.ucStaticTimerQueueStorage.5564
                0x0000000020000840       0x78 Middlewares/Third_Party/FreeRTOS/Source/timers.o
 .bss.xStaticTimerQueue.5563
                0x00000000200008b8       0x48 Middlewares/Third_Party/FreeRTOS/Source/timers.o
 .bss.ucMaxSysCallPriority
                0x0000000020000900        0x1 Middlewares/Third_Party/FreeRTOS/Source/portable/GCC/ARM_CM3/port.o
 *fill*         0x0000000020000901        0x3 
 .bss.ulMaxPRIGROUPValue
                0x0000000020000904        0x4 Middlewares/Third_Party/FreeRTOS/Source/portable/GCC/ARM_CM3/port.o
 .bss.ucHeap    0x0000000020000908     0x1f40 Middlewares/Third_Party/FreeRTOS/Source/portable/MemMang/heap_4.o
 .bss.xStart    0x0000000020002848        0x8 Middlewares/Third_Party/FreeRTOS/Source/portable/MemMang/heap_4.o
 .bss.pxEnd     0x0000000020002850        0x4 Middlewares/Third_Party/FreeRTOS/Source/portable/MemMang/heap_4.o
 .bss.xFreeBytesRemaining
                0x0000000020002854        0x4 Middlewares/Third_Party/FreeRTOS/Source/portable/MemMang/heap_4.o
 .bss.xMinimumEverFreeBytesRemaining
                0x0000000020002858        0x4 Middlewares/Third_Party/FreeRTOS/Source/portable/MemMang/heap_4.o
 .bss.xBlockAllocatedBit
                0x000000002000285c        0x4 Middlewares/Third_Party/FreeRTOS/Source/portable/MemMang/heap_4.o
 .bss.ddram     0x0000000020002860        0x1 Threads/src/display.o
                0x0000000020002860                ddram
 .bss.button_state1
                0x0000000020002861        0x1 Threads/src/keyboard.o
                0x0000000020002861                button_state1
 .bss.button_state2
                0x0000000020002862        0x1 Threads/src/keyboard.o
                0x0000000020002862                button_state2
 .bss.button_state3
                0x0000000020002863        0x1 Threads/src/keyboard.o
                0x0000000020002863                button_state3
 .bss.button_state4
                0x0000000020002864        0x1 Threads/src/keyboard.o
                0x0000000020002864                button_state4
 .bss.button_state5
                0x0000000020002865        0x1 Threads/src/keyboard.o
                0x0000000020002865                button_state5
 .bss.button_state6
                0x0000000020002866        0x1 Threads/src/keyboard.o
                0x0000000020002866                button_state6
 *(COMMON)
 *fill*         0x0000000020002867        0x1 
 COMMON         0x0000000020002868      0x150 Core/Src/main.o
                0x0000000020002868                defaultTaskHandle
                0x000000002000286c                hdma_usart2_rx
                0x00000000200028b0                DisplayTimerHandle
                0x00000000200028b4                pos_Queue
                0x00000000200028b8                hcan
                0x00000000200028e0                buf1
                0x00000000200028f4                hdma_usart2_tx
                0x0000000020002938                DateTaskHandle
                0x000000002000293c                hrtc
                0x0000000020002950                myCountingSem01Handle
                0x0000000020002954                myBinarySem01Handle
                0x0000000020002958                TimeDisplayTaskHandle
                0x000000002000295c                DisplayHandle
                0x0000000020002960                DateDisplayTaskHandle
                0x0000000020002964                TimeMenuHandle
                0x0000000020002968                huart2
                0x00000000200029a8                myMutex01Handle
                0x00000000200029ac                KeysHandle
                0x00000000200029b0                TimeTaskHandle
                0x00000000200029b4                WifiTaskHandle
 COMMON         0x00000000200029b8       0x48 Core/Src/stm32f1xx_hal_timebase_tim.o
                0x00000000200029b8                htim1
 COMMON         0x0000000020002a00        0x4 Drivers/STM32F1xx_HAL_Driver/Src/stm32f1xx_hal.o
                0x0000000020002a00                uwTick
 COMMON         0x0000000020002a04      0x1bc Library/Menu/menu.o
                0x0000000020002a04                PositionState
                0x0000000020002a05                Desktop
                0x0000000020002a08                MenuItem
 COMMON         0x0000000020002bc0       0x40 Middlewares/Third_Party/FreeRTOS/Source/queue.o
                0x0000000020002bc0                xQueueRegistry
 COMMON         0x0000000020002c00       0x13 Threads/src/display.o
                0x0000000020002c00                Second
                0x0000000020002c04                Hour
                0x0000000020002c08                Date
                0x0000000020002c0c                Minute
                0x0000000020002c10                Time
 *fill*         0x0000000020002c13        0x1 
 COMMON         0x0000000020002c14       0x18 Threads/src/keyboard.o
                0x0000000020002c14                dma_buf
                0x0000000020002c28                KeyBoardID
 COMMON         0x0000000020002c2c       0x14 Threads/src/wifi.o
                0x0000000020002c2c                read_buf
                0x0000000020002c40                . = ALIGN (0x4)
                0x0000000020002c40                _ebss = .
                0x0000000020002c40                __bss_end__ = _ebss

._user_heap_stack
                0x0000000020002c40      0x600 load address 0x000000000800a070
                0x0000000020002c40                . = ALIGN (0x8)
                [!provide]                        PROVIDE (end = .)
                0x0000000020002c40                PROVIDE (_end = .)
                0x0000000020002e40                . = (. + _Min_Heap_Size)
 *fill*         0x0000000020002c40      0x200 
                0x0000000020003240                . = (. + _Min_Stack_Size)
 *fill*         0x0000000020002e40      0x400 
                0x0000000020003240                . = ALIGN (0x8)

/DISCARD/
 libc.a(*)
 libm.a(*)
 libgcc.a(*)

.ARM.attributes
                0x0000000000000000       0x29
 *(.ARM.attributes)
 .ARM.attributes
                0x0000000000000000       0x1d c:/st/stm32cubeide_1.6.1/stm32cubeide/plugins/com.st.stm32cube.ide.mcu.externaltools.gnu-tools-for-stm32.9-2020-q2-update.win32_1.5.0.202011040924/tools/bin/../lib/gcc/arm-none-eabi/9.3.1/thumb/v7-m/nofp/crti.o
 .ARM.attributes
                0x000000000000001d       0x2d c:/st/stm32cubeide_1.6.1/stm32cubeide/plugins/com.st.stm32cube.ide.mcu.externaltools.gnu-tools-for-stm32.9-2020-q2-update.win32_1.5.0.202011040924/tools/bin/../lib/gcc/arm-none-eabi/9.3.1/thumb/v7-m/nofp/crtbegin.o
 .ARM.attributes
                0x000000000000004a       0x2d Core/Src/freertos.o
 .ARM.attributes
                0x0000000000000077       0x2d Core/Src/main.o
 .ARM.attributes
                0x00000000000000a4       0x2d Core/Src/stm32f1xx_hal_msp.o
 .ARM.attributes
                0x00000000000000d1       0x2d Core/Src/stm32f1xx_hal_timebase_tim.o
 .ARM.attributes
                0x00000000000000fe       0x2d Core/Src/stm32f1xx_it.o
 .ARM.attributes
                0x000000000000012b       0x2d Core/Src/system_stm32f1xx.o
 .ARM.attributes
                0x0000000000000158       0x21 Core/Startup/startup_stm32f103c8tx.o
 .ARM.attributes
                0x0000000000000179       0x2d Drivers/STM32F1xx_HAL_Driver/Src/stm32f1xx_hal.o
 .ARM.attributes
                0x00000000000001a6       0x2d Drivers/STM32F1xx_HAL_Driver/Src/stm32f1xx_hal_can.o
 .ARM.attributes
                0x00000000000001d3       0x2d Drivers/STM32F1xx_HAL_Driver/Src/stm32f1xx_hal_cortex.o
 .ARM.attributes
                0x0000000000000200       0x2d Drivers/STM32F1xx_HAL_Driver/Src/stm32f1xx_hal_dma.o
 .ARM.attributes
                0x000000000000022d       0x2d Drivers/STM32F1xx_HAL_Driver/Src/stm32f1xx_hal_gpio.o
 .ARM.attributes
                0x000000000000025a       0x2d Drivers/STM32F1xx_HAL_Driver/Src/stm32f1xx_hal_pwr.o
 .ARM.attributes
                0x0000000000000287       0x2d Drivers/STM32F1xx_HAL_Driver/Src/stm32f1xx_hal_rcc.o
 .ARM.attributes
                0x00000000000002b4       0x2d Drivers/STM32F1xx_HAL_Driver/Src/stm32f1xx_hal_rcc_ex.o
 .ARM.attributes
                0x00000000000002e1       0x2d Drivers/STM32F1xx_HAL_Driver/Src/stm32f1xx_hal_rtc.o
 .ARM.attributes
                0x000000000000030e       0x2d Drivers/STM32F1xx_HAL_Driver/Src/stm32f1xx_hal_tim.o
 .ARM.attributes
                0x000000000000033b       0x2d Drivers/STM32F1xx_HAL_Driver/Src/stm32f1xx_hal_tim_ex.o
 .ARM.attributes
                0x0000000000000368       0x2d Drivers/STM32F1xx_HAL_Driver/Src/stm32f1xx_hal_uart.o
 .ARM.attributes
                0x0000000000000395       0x2d Library/Menu/menu.o
 .ARM.attributes
                0x00000000000003c2       0x2d Library/wh0802/wh0802.o
 .ARM.attributes
                0x00000000000003ef       0x2d Middlewares/Third_Party/FreeRTOS/Source/CMSIS_RTOS/cmsis_os.o
 .ARM.attributes
                0x000000000000041c       0x2d Middlewares/Third_Party/FreeRTOS/Source/list.o
 .ARM.attributes
                0x0000000000000449       0x2d Middlewares/Third_Party/FreeRTOS/Source/queue.o
 .ARM.attributes
                0x0000000000000476       0x2d Middlewares/Third_Party/FreeRTOS/Source/tasks.o
 .ARM.attributes
                0x00000000000004a3       0x2d Middlewares/Third_Party/FreeRTOS/Source/timers.o
 .ARM.attributes
                0x00000000000004d0       0x2d Middlewares/Third_Party/FreeRTOS/Source/portable/GCC/ARM_CM3/port.o
 .ARM.attributes
                0x00000000000004fd       0x2d Middlewares/Third_Party/FreeRTOS/Source/portable/MemMang/heap_4.o
 .ARM.attributes
                0x000000000000052a       0x2d Threads/src/display.o
 .ARM.attributes
                0x0000000000000557       0x2d Threads/src/keyboard.o
 .ARM.attributes
                0x0000000000000584       0x2d Threads/src/wifi.o
 .ARM.attributes
                0x00000000000005b1       0x2d c:/st/stm32cubeide_1.6.1/stm32cubeide/plugins/com.st.stm32cube.ide.mcu.externaltools.gnu-tools-for-stm32.9-2020-q2-update.win32_1.5.0.202011040924/tools/bin/../lib/gcc/arm-none-eabi/9.3.1/../../../../arm-none-eabi/lib/thumb/v7-m/nofp\libc_nano.a(lib_a-init.o)
 .ARM.attributes
                0x00000000000005de       0x2d c:/st/stm32cubeide_1.6.1/stm32cubeide/plugins/com.st.stm32cube.ide.mcu.externaltools.gnu-tools-for-stm32.9-2020-q2-update.win32_1.5.0.202011040924/tools/bin/../lib/gcc/arm-none-eabi/9.3.1/../../../../arm-none-eabi/lib/thumb/v7-m/nofp\libc_nano.a(lib_a-memcpy-stub.o)
 .ARM.attributes
                0x000000000000060b       0x2d c:/st/stm32cubeide_1.6.1/stm32cubeide/plugins/com.st.stm32cube.ide.mcu.externaltools.gnu-tools-for-stm32.9-2020-q2-update.win32_1.5.0.202011040924/tools/bin/../lib/gcc/arm-none-eabi/9.3.1/../../../../arm-none-eabi/lib/thumb/v7-m/nofp\libc_nano.a(lib_a-memset.o)
 .ARM.attributes
                0x0000000000000638       0x17 c:/st/stm32cubeide_1.6.1/stm32cubeide/plugins/com.st.stm32cube.ide.mcu.externaltools.gnu-tools-for-stm32.9-2020-q2-update.win32_1.5.0.202011040924/tools/bin/../lib/gcc/arm-none-eabi/9.3.1/../../../../arm-none-eabi/lib/thumb/v7-m/nofp\libc_nano.a(lib_a-strlen.o)
 .ARM.attributes
                0x000000000000064f       0x1d c:/st/stm32cubeide_1.6.1/stm32cubeide/plugins/com.st.stm32cube.ide.mcu.externaltools.gnu-tools-for-stm32.9-2020-q2-update.win32_1.5.0.202011040924/tools/bin/../lib/gcc/arm-none-eabi/9.3.1/thumb/v7-m/nofp/crtn.o
OUTPUT(Control_board.elf elf32-littlearm)
LOAD linker stubs
LOAD c:/st/stm32cubeide_1.6.1/stm32cubeide/plugins/com.st.stm32cube.ide.mcu.externaltools.gnu-tools-for-stm32.9-2020-q2-update.win32_1.5.0.202011040924/tools/bin/../lib/gcc/arm-none-eabi/9.3.1/../../../../arm-none-eabi/lib/thumb/v7-m/nofp\libc.a
LOAD c:/st/stm32cubeide_1.6.1/stm32cubeide/plugins/com.st.stm32cube.ide.mcu.externaltools.gnu-tools-for-stm32.9-2020-q2-update.win32_1.5.0.202011040924/tools/bin/../lib/gcc/arm-none-eabi/9.3.1/../../../../arm-none-eabi/lib/thumb/v7-m/nofp\libm.a
LOAD c:/st/stm32cubeide_1.6.1/stm32cubeide/plugins/com.st.stm32cube.ide.mcu.externaltools.gnu-tools-for-stm32.9-2020-q2-update.win32_1.5.0.202011040924/tools/bin/../lib/gcc/arm-none-eabi/9.3.1/thumb/v7-m/nofp\libgcc.a

.debug_info     0x0000000000000000    0x1cfe7
 .debug_info    0x0000000000000000      0x3e1 Core/Src/freertos.o
 .debug_info    0x00000000000003e1     0x26c8 Core/Src/main.o
 .debug_info    0x0000000000002aa9     0x10e9 Core/Src/stm32f1xx_hal_msp.o
 .debug_info    0x0000000000003b92      0xa19 Core/Src/stm32f1xx_hal_timebase_tim.o
 .debug_info    0x00000000000045ab      0xa0a Core/Src/stm32f1xx_it.o
 .debug_info    0x0000000000004fb5      0x2be Core/Src/system_stm32f1xx.o
 .debug_info    0x0000000000005273       0x22 Core/Startup/startup_stm32f103c8tx.o
 .debug_info    0x0000000000005295      0x76a Drivers/STM32F1xx_HAL_Driver/Src/stm32f1xx_hal.o
 .debug_info    0x00000000000059ff     0x107f Drivers/STM32F1xx_HAL_Driver/Src/stm32f1xx_hal_can.o
 .debug_info    0x0000000000006a7e      0xbdc Drivers/STM32F1xx_HAL_Driver/Src/stm32f1xx_hal_cortex.o
 .debug_info    0x000000000000765a      0x81e Drivers/STM32F1xx_HAL_Driver/Src/stm32f1xx_hal_dma.o
 .debug_info    0x0000000000007e78      0x701 Drivers/STM32F1xx_HAL_Driver/Src/stm32f1xx_hal_gpio.o
 .debug_info    0x0000000000008579      0x730 Drivers/STM32F1xx_HAL_Driver/Src/stm32f1xx_hal_pwr.o
 .debug_info    0x0000000000008ca9      0x88e Drivers/STM32F1xx_HAL_Driver/Src/stm32f1xx_hal_rcc.o
 .debug_info    0x0000000000009537      0x480 Drivers/STM32F1xx_HAL_Driver/Src/stm32f1xx_hal_rcc_ex.o
 .debug_info    0x00000000000099b7      0xdf9 Drivers/STM32F1xx_HAL_Driver/Src/stm32f1xx_hal_rtc.o
 .debug_info    0x000000000000a7b0     0x2a43 Drivers/STM32F1xx_HAL_Driver/Src/stm32f1xx_hal_tim.o
 .debug_info    0x000000000000d1f3     0x1495 Drivers/STM32F1xx_HAL_Driver/Src/stm32f1xx_hal_tim_ex.o
 .debug_info    0x000000000000e688     0x1322 Drivers/STM32F1xx_HAL_Driver/Src/stm32f1xx_hal_uart.o
 .debug_info    0x000000000000f9aa      0xbaf Library/Menu/menu.o
 .debug_info    0x0000000000010559      0xce8 Library/wh0802/wh0802.o
 .debug_info    0x0000000000011241     0x2079 Middlewares/Third_Party/FreeRTOS/Source/CMSIS_RTOS/cmsis_os.o
 .debug_info    0x00000000000132ba      0xb7c Middlewares/Third_Party/FreeRTOS/Source/list.o
 .debug_info    0x0000000000013e36     0x2218 Middlewares/Third_Party/FreeRTOS/Source/queue.o
 .debug_info    0x000000000001604e     0x25bb Middlewares/Third_Party/FreeRTOS/Source/tasks.o
 .debug_info    0x0000000000018609     0x1889 Middlewares/Third_Party/FreeRTOS/Source/timers.o
 .debug_info    0x0000000000019e92      0x4a1 Middlewares/Third_Party/FreeRTOS/Source/portable/GCC/ARM_CM3/port.o
 .debug_info    0x000000000001a333      0xc77 Middlewares/Third_Party/FreeRTOS/Source/portable/MemMang/heap_4.o
 .debug_info    0x000000000001afaa     0x11d1 Threads/src/display.o
 .debug_info    0x000000000001c17b      0x7fc Threads/src/keyboard.o
 .debug_info    0x000000000001c977      0x670 Threads/src/wifi.o

.debug_abbrev   0x0000000000000000     0x44b3
 .debug_abbrev  0x0000000000000000      0x137 Core/Src/freertos.o
 .debug_abbrev  0x0000000000000137      0x34d Core/Src/main.o
 .debug_abbrev  0x0000000000000484      0x240 Core/Src/stm32f1xx_hal_msp.o
 .debug_abbrev  0x00000000000006c4      0x1bf Core/Src/stm32f1xx_hal_timebase_tim.o
 .debug_abbrev  0x0000000000000883      0x176 Core/Src/stm32f1xx_it.o
 .debug_abbrev  0x00000000000009f9      0x14e Core/Src/system_stm32f1xx.o
 .debug_abbrev  0x0000000000000b47       0x12 Core/Startup/startup_stm32f103c8tx.o
 .debug_abbrev  0x0000000000000b59      0x1ed Drivers/STM32F1xx_HAL_Driver/Src/stm32f1xx_hal.o
 .debug_abbrev  0x0000000000000d46      0x235 Drivers/STM32F1xx_HAL_Driver/Src/stm32f1xx_hal_can.o
 .debug_abbrev  0x0000000000000f7b      0x313 Drivers/STM32F1xx_HAL_Driver/Src/stm32f1xx_hal_cortex.o
 .debug_abbrev  0x000000000000128e      0x228 Drivers/STM32F1xx_HAL_Driver/Src/stm32f1xx_hal_dma.o
 .debug_abbrev  0x00000000000014b6      0x1e8 Drivers/STM32F1xx_HAL_Driver/Src/stm32f1xx_hal_gpio.o
 .debug_abbrev  0x000000000000169e      0x213 Drivers/STM32F1xx_HAL_Driver/Src/stm32f1xx_hal_pwr.o
 .debug_abbrev  0x00000000000018b1      0x273 Drivers/STM32F1xx_HAL_Driver/Src/stm32f1xx_hal_rcc.o
 .debug_abbrev  0x0000000000001b24      0x193 Drivers/STM32F1xx_HAL_Driver/Src/stm32f1xx_hal_rcc_ex.o
 .debug_abbrev  0x0000000000001cb7      0x236 Drivers/STM32F1xx_HAL_Driver/Src/stm32f1xx_hal_rtc.o
 .debug_abbrev  0x0000000000001eed      0x25e Drivers/STM32F1xx_HAL_Driver/Src/stm32f1xx_hal_tim.o
 .debug_abbrev  0x000000000000214b      0x266 Drivers/STM32F1xx_HAL_Driver/Src/stm32f1xx_hal_tim_ex.o
 .debug_abbrev  0x00000000000023b1      0x270 Drivers/STM32F1xx_HAL_Driver/Src/stm32f1xx_hal_uart.o
 .debug_abbrev  0x0000000000002621      0x233 Library/Menu/menu.o
 .debug_abbrev  0x0000000000002854      0x22f Library/wh0802/wh0802.o
 .debug_abbrev  0x0000000000002a83      0x3c2 Middlewares/Third_Party/FreeRTOS/Source/CMSIS_RTOS/cmsis_os.o
 .debug_abbrev  0x0000000000002e45      0x1f7 Middlewares/Third_Party/FreeRTOS/Source/list.o
 .debug_abbrev  0x000000000000303c      0x3a2 Middlewares/Third_Party/FreeRTOS/Source/queue.o
 .debug_abbrev  0x00000000000033de      0x380 Middlewares/Third_Party/FreeRTOS/Source/tasks.o
 .debug_abbrev  0x000000000000375e      0x2fb Middlewares/Third_Party/FreeRTOS/Source/timers.o
 .debug_abbrev  0x0000000000003a59      0x22f Middlewares/Third_Party/FreeRTOS/Source/portable/GCC/ARM_CM3/port.o
 .debug_abbrev  0x0000000000003c88      0x2d3 Middlewares/Third_Party/FreeRTOS/Source/portable/MemMang/heap_4.o
 .debug_abbrev  0x0000000000003f5b      0x274 Threads/src/display.o
 .debug_abbrev  0x00000000000041cf      0x172 Threads/src/keyboard.o
 .debug_abbrev  0x0000000000004341      0x172 Threads/src/wifi.o

.debug_aranges  0x0000000000000000     0x1700
 .debug_aranges
                0x0000000000000000       0x28 Core/Src/freertos.o
 .debug_aranges
                0x0000000000000028       0x78 Core/Src/main.o
 .debug_aranges
                0x00000000000000a0       0x50 Core/Src/stm32f1xx_hal_msp.o
 .debug_aranges
                0x00000000000000f0       0x30 Core/Src/stm32f1xx_hal_timebase_tim.o
 .debug_aranges
                0x0000000000000120       0x68 Core/Src/stm32f1xx_it.o
 .debug_aranges
                0x0000000000000188       0x28 Core/Src/system_stm32f1xx.o
 .debug_aranges
                0x00000000000001b0       0x28 Core/Startup/startup_stm32f103c8tx.o
 .debug_aranges
                0x00000000000001d8       0xe0 Drivers/STM32F1xx_HAL_Driver/Src/stm32f1xx_hal.o
 .debug_aranges
                0x00000000000002b8      0x138 Drivers/STM32F1xx_HAL_Driver/Src/stm32f1xx_hal_can.o
 .debug_aranges
                0x00000000000003f0      0x100 Drivers/STM32F1xx_HAL_Driver/Src/stm32f1xx_hal_cortex.o
 .debug_aranges
                0x00000000000004f0       0x80 Drivers/STM32F1xx_HAL_Driver/Src/stm32f1xx_hal_dma.o
 .debug_aranges
                0x0000000000000570       0x58 Drivers/STM32F1xx_HAL_Driver/Src/stm32f1xx_hal_gpio.o
 .debug_aranges
                0x00000000000005c8       0xa8 Drivers/STM32F1xx_HAL_Driver/Src/stm32f1xx_hal_pwr.o
 .debug_aranges
                0x0000000000000670       0x90 Drivers/STM32F1xx_HAL_Driver/Src/stm32f1xx_hal_rcc.o
 .debug_aranges
                0x0000000000000700       0x30 Drivers/STM32F1xx_HAL_Driver/Src/stm32f1xx_hal_rcc_ex.o
 .debug_aranges
                0x0000000000000730       0xf8 Drivers/STM32F1xx_HAL_Driver/Src/stm32f1xx_hal_rtc.o
 .debug_aranges
                0x0000000000000828      0x3d0 Drivers/STM32F1xx_HAL_Driver/Src/stm32f1xx_hal_tim.o
 .debug_aranges
                0x0000000000000bf8      0x168 Drivers/STM32F1xx_HAL_Driver/Src/stm32f1xx_hal_tim_ex.o
 .debug_aranges
                0x0000000000000d60      0x1d0 Drivers/STM32F1xx_HAL_Driver/Src/stm32f1xx_hal_uart.o
 .debug_aranges
                0x0000000000000f30       0x30 Library/Menu/menu.o
 .debug_aranges
                0x0000000000000f60       0x78 Library/wh0802/wh0802.o
 .debug_aranges
                0x0000000000000fd8      0x1d8 Middlewares/Third_Party/FreeRTOS/Source/CMSIS_RTOS/cmsis_os.o
 .debug_aranges
                0x00000000000011b0       0x40 Middlewares/Third_Party/FreeRTOS/Source/list.o
 .debug_aranges
                0x00000000000011f0      0x140 Middlewares/Third_Party/FreeRTOS/Source/queue.o
 .debug_aranges
                0x0000000000001330      0x1b8 Middlewares/Third_Party/FreeRTOS/Source/tasks.o
 .debug_aranges
                0x00000000000014e8       0xc0 Middlewares/Third_Party/FreeRTOS/Source/timers.o
 .debug_aranges
                0x00000000000015a8       0x78 Middlewares/Third_Party/FreeRTOS/Source/portable/GCC/ARM_CM3/port.o
 .debug_aranges
                0x0000000000001620       0x50 Middlewares/Third_Party/FreeRTOS/Source/portable/MemMang/heap_4.o
 .debug_aranges
                0x0000000000001670       0x50 Threads/src/display.o
 .debug_aranges
                0x00000000000016c0       0x20 Threads/src/keyboard.o
 .debug_aranges
                0x00000000000016e0       0x20 Threads/src/wifi.o

.debug_ranges   0x0000000000000000     0x1518
 .debug_ranges  0x0000000000000000       0x18 Core/Src/freertos.o
 .debug_ranges  0x0000000000000018       0x68 Core/Src/main.o
 .debug_ranges  0x0000000000000080       0x40 Core/Src/stm32f1xx_hal_msp.o
 .debug_ranges  0x00000000000000c0       0x20 Core/Src/stm32f1xx_hal_timebase_tim.o
 .debug_ranges  0x00000000000000e0       0x58 Core/Src/stm32f1xx_it.o
 .debug_ranges  0x0000000000000138       0x18 Core/Src/system_stm32f1xx.o
 .debug_ranges  0x0000000000000150       0x20 Core/Startup/startup_stm32f103c8tx.o
 .debug_ranges  0x0000000000000170       0xd0 Drivers/STM32F1xx_HAL_Driver/Src/stm32f1xx_hal.o
 .debug_ranges  0x0000000000000240      0x128 Drivers/STM32F1xx_HAL_Driver/Src/stm32f1xx_hal_can.o
 .debug_ranges  0x0000000000000368       0xf0 Drivers/STM32F1xx_HAL_Driver/Src/stm32f1xx_hal_cortex.o
 .debug_ranges  0x0000000000000458       0x70 Drivers/STM32F1xx_HAL_Driver/Src/stm32f1xx_hal_dma.o
 .debug_ranges  0x00000000000004c8       0x48 Drivers/STM32F1xx_HAL_Driver/Src/stm32f1xx_hal_gpio.o
 .debug_ranges  0x0000000000000510       0x98 Drivers/STM32F1xx_HAL_Driver/Src/stm32f1xx_hal_pwr.o
 .debug_ranges  0x00000000000005a8       0x80 Drivers/STM32F1xx_HAL_Driver/Src/stm32f1xx_hal_rcc.o
 .debug_ranges  0x0000000000000628       0x20 Drivers/STM32F1xx_HAL_Driver/Src/stm32f1xx_hal_rcc_ex.o
 .debug_ranges  0x0000000000000648       0xe8 Drivers/STM32F1xx_HAL_Driver/Src/stm32f1xx_hal_rtc.o
 .debug_ranges  0x0000000000000730      0x3c0 Drivers/STM32F1xx_HAL_Driver/Src/stm32f1xx_hal_tim.o
 .debug_ranges  0x0000000000000af0      0x158 Drivers/STM32F1xx_HAL_Driver/Src/stm32f1xx_hal_tim_ex.o
 .debug_ranges  0x0000000000000c48      0x1c0 Drivers/STM32F1xx_HAL_Driver/Src/stm32f1xx_hal_uart.o
 .debug_ranges  0x0000000000000e08       0x20 Library/Menu/menu.o
 .debug_ranges  0x0000000000000e28       0x68 Library/wh0802/wh0802.o
 .debug_ranges  0x0000000000000e90      0x1c8 Middlewares/Third_Party/FreeRTOS/Source/CMSIS_RTOS/cmsis_os.o
 .debug_ranges  0x0000000000001058       0x30 Middlewares/Third_Party/FreeRTOS/Source/list.o
 .debug_ranges  0x0000000000001088      0x130 Middlewares/Third_Party/FreeRTOS/Source/queue.o
 .debug_ranges  0x00000000000011b8      0x1a8 Middlewares/Third_Party/FreeRTOS/Source/tasks.o
 .debug_ranges  0x0000000000001360       0xb0 Middlewares/Third_Party/FreeRTOS/Source/timers.o
 .debug_ranges  0x0000000000001410       0x68 Middlewares/Third_Party/FreeRTOS/Source/portable/GCC/ARM_CM3/port.o
 .debug_ranges  0x0000000000001478       0x40 Middlewares/Third_Party/FreeRTOS/Source/portable/MemMang/heap_4.o
 .debug_ranges  0x00000000000014b8       0x40 Threads/src/display.o
 .debug_ranges  0x00000000000014f8       0x10 Threads/src/keyboard.o
 .debug_ranges  0x0000000000001508       0x10 Threads/src/wifi.o

.debug_macro    0x0000000000000000    0x1b4bb
 .debug_macro   0x0000000000000000      0x233 Core/Src/freertos.o
 .debug_macro   0x0000000000000233      0xa9c Core/Src/freertos.o
 .debug_macro   0x0000000000000ccf      0x174 Core/Src/freertos.o
 .debug_macro   0x0000000000000e43       0x22 Core/Src/freertos.o
 .debug_macro   0x0000000000000e65       0x8e Core/Src/freertos.o
 .debug_macro   0x0000000000000ef3       0x51 Core/Src/freertos.o
 .debug_macro   0x0000000000000f44      0x103 Core/Src/freertos.o
 .debug_macro   0x0000000000001047       0x6a Core/Src/freertos.o
 .debug_macro   0x00000000000010b1      0x1df Core/Src/freertos.o
 .debug_macro   0x0000000000001290      0x109 Core/Src/freertos.o
 .debug_macro   0x0000000000001399      0x15a Core/Src/freertos.o
 .debug_macro   0x00000000000014f3       0xd7 Core/Src/freertos.o
 .debug_macro   0x00000000000015ca       0x10 Core/Src/freertos.o
 .debug_macro   0x00000000000015da       0x1f Core/Src/freertos.o
 .debug_macro   0x00000000000015f9      0x494 Core/Src/freertos.o
 .debug_macro   0x0000000000001a8d       0xb5 Core/Src/freertos.o
 .debug_macro   0x0000000000001b42       0x8c Core/Src/freertos.o
 .debug_macro   0x0000000000001bce      0x22d Core/Src/freertos.o
 .debug_macro   0x0000000000001dfb       0x2e Core/Src/freertos.o
 .debug_macro   0x0000000000001e29       0x22 Core/Src/freertos.o
 .debug_macro   0x0000000000001e4b       0x1c Core/Src/freertos.o
 .debug_macro   0x0000000000001e67       0x22 Core/Src/freertos.o
 .debug_macro   0x0000000000001e89       0xc3 Core/Src/freertos.o
 .debug_macro   0x0000000000001f4c      0xd23 Core/Src/freertos.o
 .debug_macro   0x0000000000002c6f     0xe097 Core/Src/freertos.o
 .debug_macro   0x0000000000010d06       0x43 Core/Src/freertos.o
 .debug_macro   0x0000000000010d49     0x3468 Core/Src/freertos.o
 .debug_macro   0x00000000000141b1       0x5c Core/Src/freertos.o
 .debug_macro   0x000000000001420d      0x5be Core/Src/freertos.o
 .debug_macro   0x00000000000147cb      0x289 Core/Src/freertos.o
 .debug_macro   0x0000000000014a54      0x1cb Core/Src/freertos.o
 .debug_macro   0x0000000000014c1f      0x114 Core/Src/freertos.o
 .debug_macro   0x0000000000014d33      0x1b2 Core/Src/freertos.o
 .debug_macro   0x0000000000014ee5       0x27 Core/Src/freertos.o
 .debug_macro   0x0000000000014f0c      0x136 Core/Src/freertos.o
 .debug_macro   0x0000000000015042      0x1bc Core/Src/freertos.o
 .debug_macro   0x00000000000151fe       0x34 Core/Src/freertos.o
 .debug_macro   0x0000000000015232       0x3c Core/Src/freertos.o
 .debug_macro   0x000000000001526e      0x408 Core/Src/freertos.o
 .debug_macro   0x0000000000015676       0x57 Core/Src/freertos.o
 .debug_macro   0x00000000000156cd       0x88 Core/Src/freertos.o
 .debug_macro   0x0000000000015755      0x241 Core/Src/freertos.o
 .debug_macro   0x0000000000015996      0x141 Core/Src/freertos.o
 .debug_macro   0x0000000000015ad7      0x1ef Core/Src/freertos.o
 .debug_macro   0x0000000000015cc6       0xec Core/Src/freertos.o
 .debug_macro   0x0000000000015db2      0x8d1 Core/Src/freertos.o
 .debug_macro   0x0000000000016683      0x26b Core/Src/freertos.o
 .debug_macro   0x00000000000168ee       0x83 Core/Src/freertos.o
 .debug_macro   0x0000000000016971      0x3a5 Core/Src/main.o
 .debug_macro   0x0000000000016d16      0x109 Core/Src/main.o
 .debug_macro   0x0000000000016e1f       0x91 Core/Src/main.o
 .debug_macro   0x0000000000016eb0       0x8d Core/Src/main.o
 .debug_macro   0x0000000000016f3d       0x9a Core/Src/main.o
 .debug_macro   0x0000000000016fd7       0x19 Core/Src/main.o
 .debug_macro   0x0000000000016ff0       0xf2 Core/Src/main.o
 .debug_macro   0x00000000000170e2       0x58 Core/Src/main.o
 .debug_macro   0x000000000001713a       0x28 Core/Src/main.o
 .debug_macro   0x0000000000017162      0x20e Core/Src/main.o
 .debug_macro   0x0000000000017370       0x52 Core/Src/main.o
 .debug_macro   0x00000000000173c2       0x18 Core/Src/main.o
 .debug_macro   0x00000000000173da       0x3c Core/Src/main.o
 .debug_macro   0x0000000000017416       0x34 Core/Src/main.o
 .debug_macro   0x000000000001744a       0x16 Core/Src/main.o
 .debug_macro   0x0000000000017460       0x43 Core/Src/main.o
 .debug_macro   0x00000000000174a3       0x34 Core/Src/main.o
 .debug_macro   0x00000000000174d7       0x10 Core/Src/main.o
 .debug_macro   0x00000000000174e7       0x58 Core/Src/main.o
 .debug_macro   0x000000000001753f       0x71 Core/Src/main.o
 .debug_macro   0x00000000000175b0       0x1c Core/Src/main.o
 .debug_macro   0x00000000000175cc      0x12a Core/Src/main.o
 .debug_macro   0x00000000000176f6      0x333 Core/Src/main.o
 .debug_macro   0x0000000000017a29       0x10 Core/Src/main.o
 .debug_macro   0x0000000000017a39       0x35 Core/Src/main.o
 .debug_macro   0x0000000000017a6e       0x20 Core/Src/main.o
 .debug_macro   0x0000000000017a8e       0x22 Core/Src/main.o
 .debug_macro   0x0000000000017ab0       0x28 Core/Src/main.o
 .debug_macro   0x0000000000017ad8      0x1cb Core/Src/stm32f1xx_hal_msp.o
 .debug_macro   0x0000000000017ca3      0x1c1 Core/Src/stm32f1xx_hal_timebase_tim.o
 .debug_macro   0x0000000000017e64      0x1d5 Core/Src/stm32f1xx_it.o
 .debug_macro   0x0000000000018039      0x1c1 Core/Src/system_stm32f1xx.o
 .debug_macro   0x00000000000181fa      0x1e5 Drivers/STM32F1xx_HAL_Driver/Src/stm32f1xx_hal.o
 .debug_macro   0x00000000000183df      0x1c9 Drivers/STM32F1xx_HAL_Driver/Src/stm32f1xx_hal_can.o
 .debug_macro   0x00000000000185a8      0x1c1 Drivers/STM32F1xx_HAL_Driver/Src/stm32f1xx_hal_cortex.o
 .debug_macro   0x0000000000018769      0x1c1 Drivers/STM32F1xx_HAL_Driver/Src/stm32f1xx_hal_dma.o
 .debug_macro   0x000000000001892a      0x22c Drivers/STM32F1xx_HAL_Driver/Src/stm32f1xx_hal_gpio.o
 .debug_macro   0x0000000000018b56      0x221 Drivers/STM32F1xx_HAL_Driver/Src/stm32f1xx_hal_pwr.o
 .debug_macro   0x0000000000018d77      0x1d3 Drivers/STM32F1xx_HAL_Driver/Src/stm32f1xx_hal_rcc.o
 .debug_macro   0x0000000000018f4a      0x1c1 Drivers/STM32F1xx_HAL_Driver/Src/stm32f1xx_hal_rcc_ex.o
 .debug_macro   0x000000000001910b      0x1d0 Drivers/STM32F1xx_HAL_Driver/Src/stm32f1xx_hal_rtc.o
 .debug_macro   0x00000000000192db      0x1c2 Drivers/STM32F1xx_HAL_Driver/Src/stm32f1xx_hal_tim.o
 .debug_macro   0x000000000001949d      0x1c1 Drivers/STM32F1xx_HAL_Driver/Src/stm32f1xx_hal_tim_ex.o
 .debug_macro   0x000000000001965e      0x1c2 Drivers/STM32F1xx_HAL_Driver/Src/stm32f1xx_hal_uart.o
 .debug_macro   0x0000000000019820      0x2a7 Library/Menu/menu.o
 .debug_macro   0x0000000000019ac7      0x351 Library/wh0802/wh0802.o
 .debug_macro   0x0000000000019e18      0x1fe Middlewares/Third_Party/FreeRTOS/Source/CMSIS_RTOS/cmsis_os.o
 .debug_macro   0x000000000001a016       0xab Middlewares/Third_Party/FreeRTOS/Source/CMSIS_RTOS/cmsis_os.o
 .debug_macro   0x000000000001a0c1      0x187 Middlewares/Third_Party/FreeRTOS/Source/list.o
 .debug_macro   0x000000000001a248      0x212 Middlewares/Third_Party/FreeRTOS/Source/queue.o
 .debug_macro   0x000000000001a45a       0x16 Middlewares/Third_Party/FreeRTOS/Source/queue.o
 .debug_macro   0x000000000001a470      0x280 Middlewares/Third_Party/FreeRTOS/Source/tasks.o
 .debug_macro   0x000000000001a6f0       0x10 Middlewares/Third_Party/FreeRTOS/Source/tasks.o
 .debug_macro   0x000000000001a700      0x1ca Middlewares/Third_Party/FreeRTOS/Source/timers.o
 .debug_macro   0x000000000001a8ca      0x172 Middlewares/Third_Party/FreeRTOS/Source/portable/GCC/ARM_CM3/port.o
 .debug_macro   0x000000000001aa3c      0x1ae Middlewares/Third_Party/FreeRTOS/Source/portable/MemMang/heap_4.o
 .debug_macro   0x000000000001abea      0x3bd Threads/src/display.o
 .debug_macro   0x000000000001afa7      0x283 Threads/src/keyboard.o
 .debug_macro   0x000000000001b22a      0x291 Threads/src/wifi.o
