main.c:99:6:HAL_UART_TxCpltCallback	16	static
main.c:104:6:HAL_UART_RxCpltCallback	16	static
main.c:118:5:main	320	static
main.c:250:6:SystemClock_Config	88	static
main.c:297:13:MX_CAN_Init	8	static
main.c:334:13:MX_RTC_Init	16	static
main.c:391:13:MX_USART2_UART_Init	8	static
main.c:422:13:MX_DMA_Init	16	static
main.c:443:13:MX_GPIO_Init	40	static
main.c:512:6:StartDefaultTask	16	static
main.c:532:6:HAL_TIM_PeriodElapsedCallback	16	static
main.c:549:6:Error_Handler	4	static,ignoring_inline_asm
